<?xml version="1.0" encoding="utf-8"?>
<!-- Pruned from the exact-M2 (2853502136586fd2187f41679274cb4951258b8d) Quality Gate run 36209123413 artifact quality-gate-test-results (trx/Mavi.IntegrationTests.trx, SHA-256 of the full file in the note). Kept verbatim: every result, definition and entry of WorkerContractV3Tests, AnalyticsApiTests.AMalformedQueryIsRefusedWithTheTypedInvalidCode, TrackSearchApiTests.InvalidSearchReturnsStableError and VisionFinalizationLifecycleTests.MalformedClaimIsNeverClaimedOrExhaustedAndIsReportedOnce; all other results removed; ResultSummary counters left as written for the full run; its run-level <Output> (the whole run's console log) removed. -->
<TestRun id="41107dc9-96a8-4275-ae82-a5a478d8ab93" name="@runnervmtr4k5 2026-09-26 01:40:57" xmlns="http://microsoft.com/schemas/VisualStudio/TeamTest/2010">
  <Times creation="2026-09-26T01:40:57.4731317+00:00" queuing="2026-09-26T01:40:57.4731318+00:00" start="2026-09-26T01:40:55.9418113+00:00" finish="2026-09-26T01:44:23.0954357+00:00" />
  <TestSettings name="default" id="46d683c6-a2b2-4277-9212-b97094ef8b32">
    <Deployment runDeploymentRoot="_runnervmtr4k5_2026-09-26_01_40_57" />
  </TestSettings>
  <Results>
    <UnitTestResult executionId="aaf94e0e-fc00-41b9-8a2f-24db65c85eba" testId="3b9d5331-06ed-29a6-cd82-b2bc0198546c" testName="Mavi.IntegrationTests.AnalyticsApiTests.AMalformedQueryIsRefusedWithTheTypedInvalidCode(route: &quot;aggregates&quot;, query: &quot;?fromUtc=2026-09-21T04:00:00Z&amp;toUtc=2026-09-21T07:&quot;···)" computerName="runnervmtr4k5" duration="00:00:00.3074826" startTime="2026-09-26T01:44:13.6025124+00:00" endTime="2026-09-26T01:44:13.9102656+00:00" testType="13cdc9d9-ddb5-4fa4-a97d-d965ccfc6d4b" outcome="Passed" testListId="8c84fa94-04c1-424b-9868-57a2d4851a1d" relativeResultsDirectory="aaf94e0e-fc00-41b9-8a2f-24db65c85eba" />
    <UnitTestResult executionId="a122288b-c4df-433d-b9ec-ef7cf97f2656" testId="bef7db55-088b-5e38-2ad7-c197283d9828" testName="Mavi.IntegrationTests.AnalyticsApiTests.AMalformedQueryIsRefusedWithTheTypedInvalidCode(route: &quot;heatmap&quot;, query: &quot;?fromUtc=2026-09-21T04:00:00Z&amp;toUtc=2026-09-21T07:&quot;···)" computerName="runnervmtr4k5" duration="00:00:00.3094241" startTime="2026-09-26T01:44:10.7511323+00:00" endTime="2026-09-26T01:44:11.0608288+00:00" testType="13cdc9d9-ddb5-4fa4-a97d-d965ccfc6d4b" outcome="Passed" testListId="8c84fa94-04c1-424b-9868-57a2d4851a1d" relativeResultsDirectory="a122288b-c4df-433d-b9ec-ef7cf97f2656" />
    <UnitTestResult executionId="afc3eb1b-ed66-4cde-a749-e120bb328402" testId="72ae8ff4-4351-e3be-d276-5dce1f4d665c" testName="Mavi.IntegrationTests.AnalyticsApiTests.AMalformedQueryIsRefusedWithTheTypedInvalidCode(route: &quot;aggregates&quot;, query: &quot;?fromUtc=2026-09-21T07:00:00Z&amp;toUtc=2026-09-21T04:&quot;···)" computerName="runnervmtr4k5" duration="00:00:00.3107570" startTime="2026-09-26T01:44:12.6493889+00:00" endTime="2026-09-26T01:44:12.9604257+00:00" testType="13cdc9d9-ddb5-4fa4-a97d-d965ccfc6d4b" outcome="Passed" testListId="8c84fa94-04c1-424b-9868-57a2d4851a1d" relativeResultsDirectory="afc3eb1b-ed66-4cde-a749-e120bb328402" />
    <UnitTestResult executionId="b125800c-8b78-4af9-a6bc-85b93d0238ce" testId="e7fb9e88-6a4e-422e-774e-62768cd7f60d" testName="Mavi.IntegrationTests.WorkerContractV3Tests.CompletionRejectsUnacceptedVersions(version: &quot;4.0&quot;, asynchronousFinalization: True)" computerName="runnervmtr4k5" duration="00:00:00.2757448" startTime="2026-09-26T01:41:34.2933956+00:00" endTime="2026-09-26T01:41:34.5691280+00:00" testType="13cdc9d9-ddb5-4fa4-a97d-d965ccfc6d4b" outcome="Passed" testListId="8c84fa94-04c1-424b-9868-57a2d4851a1d" relativeResultsDirectory="b125800c-8b78-4af9-a6bc-85b93d0238ce" />
    <UnitTestResult executionId="bd8ff47c-d33f-49b4-a7d2-ad5083a1005e" testId="fbc755cc-bcaf-96c6-8918-92264e1b0da9" testName="Mavi.IntegrationTests.TrackSearchApiTests.InvalidSearchReturnsStableError(path: &quot;/api/tracks?limit=0&quot;)" computerName="runnervmtr4k5" duration="00:00:00.2844044" startTime="2026-09-26T01:42:29.3539046+00:00" endTime="2026-09-26T01:42:29.6385839+00:00" testType="13cdc9d9-ddb5-4fa4-a97d-d965ccfc6d4b" outcome="Passed" testListId="8c84fa94-04c1-424b-9868-57a2d4851a1d" relativeResultsDirectory="bd8ff47c-d33f-49b4-a7d2-ad5083a1005e" />
    <UnitTestResult executionId="2a0c0c6e-3894-4642-9dec-f1a3f0e67611" testId="d5f6a213-7ca8-8fcb-b585-6393959f6226" testName="Mavi.IntegrationTests.AnalyticsApiTests.AMalformedQueryIsRefusedWithTheTypedInvalidCode(route: &quot;aggregates&quot;, query: &quot;?fromUtc=2026-09-21T04:00:00Z&amp;toUtc=2026-09-21T07:&quot;···)" computerName="runnervmtr4k5" duration="00:00:00.3084341" startTime="2026-09-26T01:44:11.0609458+00:00" endTime="2026-09-26T01:44:11.3696176+00:00" testType="13cdc9d9-ddb5-4fa4-a97d-d965ccfc6d4b" outcome="Passed" testListId="8c84fa94-04c1-424b-9868-57a2d4851a1d" relativeResultsDirectory="2a0c0c6e-3894-4642-9dec-f1a3f0e67611" />
    <UnitTestResult executionId="2854ad38-f1f3-43f7-955d-9908123ad111" testId="b93f7d1c-1938-90cb-c409-b2415636e776" testName="Mavi.IntegrationTests.WorkerContractV3Tests.V3MembersRejectUnknownNamesAndFractionalIntegers(json: &quot;{\&quot;evidenceAccounting\&quot;:{\&quot;nearView\&quot;:{}}}&quot;)" computerName="runnervmtr4k5" duration="00:00:00.0000441" startTime="2026-09-26T01:41:34.2928655+00:00" endTime="2026-09-26T01:41:34.2928872+00:00" testType="13cdc9d9-ddb5-4fa4-a97d-d965ccfc6d4b" outcome="Passed" testListId="8c84fa94-04c1-424b-9868-57a2d4851a1d" relativeResultsDirectory="2854ad38-f1f3-43f7-955d-9908123ad111" />
    <UnitTestResult executionId="a82696d0-3c77-4e9c-b6c6-2174c7d1a62c" testId="425663a0-61c7-cb6b-45e4-ee887afde357" testName="Mavi.IntegrationTests.TrackSearchApiTests.InvalidSearchReturnsStableError(path: &quot;/api/tracks?analyticsCoverage=partial&quot;)" computerName="runnervmtr4k5" duration="00:00:00.2692991" startTime="2026-09-26T01:42:29.0841350+00:00" endTime="2026-09-26T01:42:29.3537856+00:00" testType="13cdc9d9-ddb5-4fa4-a97d-d965ccfc6d4b" outcome="Passed" testListId="8c84fa94-04c1-424b-9868-57a2d4851a1d" relativeResultsDirectory="a82696d0-3c77-4e9c-b6c6-2174c7d1a62c" />
    <UnitTestResult executionId="6dc25e98-379a-40bf-8dce-f5da7d71d4ed" testId="eabf2a4f-e2d4-5d15-439d-64da0c48e40f" testName="Mavi.IntegrationTests.WorkerContractV3Tests.FiveObservationsAreRejectedAtTheHttpBoundary" computerName="runnervmtr4k5" duration="00:00:00.2777907" startTime="2026-09-26T01:41:36.8668512+00:00" endTime="2026-09-26T01:41:37.1448691+00:00" testType="13cdc9d9-ddb5-4fa4-a97d-d965ccfc6d4b" outcome="Passed" testListId="8c84fa94-04c1-424b-9868-57a2d4851a1d" relativeResultsDirectory="6dc25e98-379a-40bf-8dce-f5da7d71d4ed" />
    <UnitTestResult executionId="a76389ab-cc0d-48f2-a047-e6631e9bec55" testId="95a4c0fc-7eb6-3341-3053-9102e405fbee" testName="Mavi.IntegrationTests.WorkerContractV3Tests.CompletionRejectsUnacceptedVersions(version: &quot;1.0&quot;, asynchronousFinalization: True)" computerName="runnervmtr4k5" duration="00:00:00.3012387" startTime="2026-09-26T01:41:35.1497602+00:00" endTime="2026-09-26T01:41:35.4512969+00:00" testType="13cdc9d9-ddb5-4fa4-a97d-d965ccfc6d4b" outcome="Passed" testListId="8c84fa94-04c1-424b-9868-57a2d4851a1d" relativeResultsDirectory="a76389ab-cc0d-48f2-a047-e6631e9bec55" />
    <UnitTestResult executionId="24d6048c-da7f-4b8b-ab5e-d8522ffe690f" testId="bd2f1a8d-c63a-9cf6-2e6a-bbc21cc6983e" testName="Mavi.IntegrationTests.VisionFinalizationLifecycleTests.MalformedClaimIsNeverClaimedOrExhaustedAndIsReportedOnce(hash: True, expiry: False, extendedAt: False)" computerName="runnervmtr4k5" duration="00:00:00.3435371" startTime="2026-09-26T01:42:03.0623327+00:00" endTime="2026-09-26T01:42:03.4062184+00:00" testType="13cdc9d9-ddb5-4fa4-a97d-d965ccfc6d4b" outcome="Passed" testListId="8c84fa94-04c1-424b-9868-57a2d4851a1d" relativeResultsDirectory="24d6048c-da7f-4b8b-ab5e-d8522ffe690f" />
    <UnitTestResult executionId="1d152f5a-4ccf-4fe3-b9a6-2a774cb0efe4" testId="f617156b-0c61-6dd3-40eb-9ce71740bb66" testName="Mavi.IntegrationTests.TrackSearchApiTests.InvalidSearchReturnsStableError(path: &quot;/api/tracks?motionDirection=None&quot;)" computerName="runnervmtr4k5" duration="00:00:00.2566151" startTime="2026-09-26T01:42:26.4057553+00:00" endTime="2026-09-26T01:42:26.6627044+00:00" testType="13cdc9d9-ddb5-4fa4-a97d-d965ccfc6d4b" outcome="Passed" testListId="8c84fa94-04c1-424b-9868-57a2d4851a1d" relativeResultsDirectory="1d152f5a-4ccf-4fe3-b9a6-2a774cb0efe4" />
    <UnitTestResult executionId="36a36d80-1a25-4851-a980-553d4946a2d1" testId="b561bf82-d408-23db-fa35-fc9cd44d88ff" testName="Mavi.IntegrationTests.VisionFinalizationLifecycleTests.MalformedClaimIsNeverClaimedOrExhaustedAndIsReportedOnce(hash: False, expiry: True, extendedAt: False)" computerName="runnervmtr4k5" duration="00:00:00.3429405" startTime="2026-09-26T01:42:02.7189504+00:00" endTime="2026-09-26T01:42:03.0622496+00:00" testType="13cdc9d9-ddb5-4fa4-a97d-d965ccfc6d4b" outcome="Passed" testListId="8c84fa94-04c1-424b-9868-57a2d4851a1d" relativeResultsDirectory="36a36d80-1a25-4851-a980-553d4946a2d1" />
    <UnitTestResult executionId="818be0cf-bc3c-4630-b26d-56dc5a54ea64" testId="73c5572d-dd01-8915-b0bb-0baafdc97e91" testName="Mavi.IntegrationTests.TrackSearchApiTests.InvalidSearchReturnsStableError(path: &quot;/api/tracks?unknownFilter=value&quot;)" computerName="runnervmtr4k5" duration="00:00:00.2784637" startTime="2026-09-26T01:42:27.9848311+00:00" endTime="2026-09-26T01:42:28.2636539+00:00" testType="13cdc9d9-ddb5-4fa4-a97d-d965ccfc6d4b" outcome="Passed" testListId="8c84fa94-04c1-424b-9868-57a2d4851a1d" relativeResultsDirectory="818be0cf-bc3c-4630-b26d-56dc5a54ea64" />
    <UnitTestResult executionId="7a9d8270-9470-435a-95eb-635488afe905" testId="ea522c50-751b-946b-7b92-3d416d27b43a" testName="Mavi.IntegrationTests.AnalyticsApiTests.AMalformedQueryIsRefusedWithTheTypedInvalidCode(route: &quot;aggregates&quot;, query: &quot;?fromUtc=2026-09-21T04:00:00Z&amp;toUtc=2026-09-21T07:&quot;···)" computerName="runnervmtr4k5" duration="00:00:00.3601372" startTime="2026-09-26T01:44:14.8756650+00:00" endTime="2026-09-26T01:44:15.2360903+00:00" testType="13cdc9d9-ddb5-4fa4-a97d-d965ccfc6d4b" outcome="Passed" testListId="8c84fa94-04c1-424b-9868-57a2d4851a1d" relativeResultsDirectory="7a9d8270-9470-435a-95eb-635488afe905" />
    <UnitTestResult executionId="77572e3b-681f-4fb6-8107-c0a3b7f69067" testId="3cee37b4-98a6-2d07-276e-8369aa2f5cdd" testName="Mavi.IntegrationTests.TrackSearchApiTests.InvalidSearchReturnsStableError(path: &quot;/api/tracks?analyticsCoverage=complete&quot;)" computerName="runnervmtr4k5" duration="00:00:00.2719010" startTime="2026-09-26T01:42:27.7124906+00:00" endTime="2026-09-26T01:42:27.9847273+00:00" testType="13cdc9d9-ddb5-4fa4-a97d-d965ccfc6d4b" outcome="Passed" testListId="8c84fa94-04c1-424b-9868-57a2d4851a1d" relativeResultsDirectory="77572e3b-681f-4fb6-8107-c0a3b7f69067" />
    <UnitTestResult executionId="322635cf-b287-43d8-8a02-bdbb755334c9" testId="550f8763-6216-347f-643c-2485ca5fdef2" testName="Mavi.IntegrationTests.TrackSearchApiTests.InvalidSearchReturnsStableError(path: &quot;/api/tracks?limit=101&quot;)" computerName="runnervmtr4k5" duration="00:00:00.2578056" startTime="2026-09-26T01:42:27.1874097+00:00" endTime="2026-09-26T01:42:27.4455799+00:00" testType="13cdc9d9-ddb5-4fa4-a97d-d965ccfc6d4b" outcome="Passed" testListId="8c84fa94-04c1-424b-9868-57a2d4851a1d" relativeResultsDirectory="322635cf-b287-43d8-8a02-bdbb755334c9" />
    <UnitTestResult executionId="4f078402-5f6b-4081-81c6-82b28d495566" testId="b24c2421-3c26-8863-dc17-1a22c4064a10" testName="Mavi.IntegrationTests.WorkerContractV3Tests.ContractProbeAdvertisesControlPlaneAndBothSynchronousCompletionVersionsByDefault" computerName="runnervmtr4k5" duration="00:00:00.2654276" startTime="2026-09-26T01:41:36.6025166+00:00" endTime="2026-09-26T01:41:36.8666420+00:00" testType="13cdc9d9-ddb5-4fa4-a97d-d965ccfc6d4b" outcome="Passed" testListId="8c84fa94-04c1-424b-9868-57a2d4851a1d" relativeResultsDirectory="4f078402-5f6b-4081-81c6-82b28d495566" />
    <UnitTestResult executionId="a86e6383-ea4f-447a-80b4-49009a5d176d" testId="c39099d9-93bc-05e8-65db-6f32a3bf80e4" testName="Mavi.IntegrationTests.TrackSearchApiTests.InvalidSearchReturnsStableError(path: &quot;/api/tracks?zoneId=0199a1f0-0000-7000-8000-0000000&quot;···)" computerName="runnervmtr4k5" duration="00:00:00.2664836" startTime="2026-09-26T01:42:27.4456953+00:00" endTime="2026-09-26T01:42:27.7124093+00:00" testType="13cdc9d9-ddb5-4fa4-a97d-d965ccfc6d4b" outcome="Passed" testListId="8c84fa94-04c1-424b-9868-57a2d4851a1d" relativeResultsDirectory="a86e6383-ea4f-447a-80b4-49009a5d176d" />
    <UnitTestResult executionId="8c4bc115-fa5f-4e5a-a692-4f90b7c312e4" testId="024067f6-0de9-d1b7-0dbc-1edcef73aa22" testName="Mavi.IntegrationTests.TrackSearchApiTests.InvalidSearchReturnsStableError(path: &quot;/api/tracks?cursor=***&quot;)" computerName="runnervmtr4k5" duration="00:00:00.2568089" startTime="2026-09-26T01:42:26.6627824+00:00" endTime="2026-09-26T01:42:26.9198985+00:00" testType="13cdc9d9-ddb5-4fa4-a97d-d965ccfc6d4b" outcome="Passed" testListId="8c84fa94-04c1-424b-9868-57a2d4851a1d" relativeResultsDirectory="8c4bc115-fa5f-4e5a-a692-4f90b7c312e4" />
    <UnitTestResult executionId="6cbe0a51-351a-40b0-b398-ad16fc2ac113" testId="26da693b-b0de-1be0-5859-84a10786551d" testName="Mavi.IntegrationTests.WorkerContractV3Tests.V3MembersRejectUnknownNamesAndFractionalIntegers(json: &quot;{\&quot;tracks\&quot;:[{\&quot;observations\&quot;:[{\&quot;rank\&quot;:0.5}]}]}&quot;)" computerName="runnervmtr4k5" duration="00:00:00.0000518" startTime="2026-09-26T01:41:34.2926579+00:00" endTime="2026-09-26T01:41:34.2926827+00:00" testType="13cdc9d9-ddb5-4fa4-a97d-d965ccfc6d4b" outcome="Passed" testListId="8c84fa94-04c1-424b-9868-57a2d4851a1d" relativeResultsDirectory="6cbe0a51-351a-40b0-b398-ad16fc2ac113" />
    <UnitTestResult executionId="8d8ec8a8-528c-480f-9373-8b20228146e3" testId="540e6300-4482-cd09-2673-f5009386bef6" testName="Mavi.IntegrationTests.TrackSearchApiTests.InvalidSearchReturnsStableError(path: &quot;/api/tracks?loitering=false&quot;)" computerName="runnervmtr4k5" duration="00:00:00.2682819" startTime="2026-09-26T01:42:31.5371560+00:00" endTime="2026-09-26T01:42:31.8057994+00:00" testType="13cdc9d9-ddb5-4fa4-a97d-d965ccfc6d4b" outcome="Passed" testListId="8c84fa94-04c1-424b-9868-57a2d4851a1d" relativeResultsDirectory="8d8ec8a8-528c-480f-9373-8b20228146e3" />
    <UnitTestResult executionId="aab90cad-fcc6-4a37-95d2-f066637ea557" testId="a7bc0bd7-6722-e57f-a2e4-4d87c89f27ab" testName="Mavi.IntegrationTests.AnalyticsApiTests.AMalformedQueryIsRefusedWithTheTypedInvalidCode(route: &quot;aggregates&quot;, query: &quot;?fromUtc=2026-09-21T04:00:00Z&amp;fromUtc=2026-09-21T0&quot;···)" computerName="runnervmtr4k5" duration="00:00:00.3151241" startTime="2026-09-26T01:44:10.1158417+00:00" endTime="2026-09-26T01:44:10.4315005+00:00" testType="13cdc9d9-ddb5-4fa4-a97d-d965ccfc6d4b" outcome="Passed" testListId="8c84fa94-04c1-424b-9868-57a2d4851a1d" relativeResultsDirectory="aab90cad-fcc6-4a37-95d2-f066637ea557" />
    <UnitTestResult executionId="b95dc317-30e4-4ac2-8b15-a361cc209bed" testId="b36cec68-5dae-e0c0-2e47-6d2311043191" testName="Mavi.IntegrationTests.TrackSearchApiTests.InvalidSearchReturnsStableError(path: &quot;/api/tracks?objectClass=0&quot;)" computerName="runnervmtr4k5" duration="00:00:00.2670388" startTime="2026-09-26T01:42:26.9200087+00:00" endTime="2026-09-26T01:42:27.1873201+00:00" testType="13cdc9d9-ddb5-4fa4-a97d-d965ccfc6d4b" outcome="Passed" testListId="8c84fa94-04c1-424b-9868-57a2d4851a1d" relativeResultsDirectory="b95dc317-30e4-4ac2-8b15-a361cc209bed" />
    <UnitTestResult executionId="b2bae2e0-16c7-42f9-ba33-2cee023a837e" testId="2b273fd4-da9d-ec7b-b93c-ed988535e239" testName="Mavi.IntegrationTests.WorkerContractV3Tests.CompletionBodyAboveFortyEightMebibytesIsRejectedBeforeBinding" computerName="runnervmtr4k5" duration="00:00:00.0781396" startTime="2026-09-26T01:41:36.0197642+00:00" endTime="2026-09-26T01:41:36.0982442+00:00" testType="13cdc9d9-ddb5-4fa4-a97d-d965ccfc6d4b" outcome="Passed" testListId="8c84fa94-04c1-424b-9868-57a2d4851a1d" relativeResultsDirectory="b2bae2e0-16c7-42f9-ba33-2cee023a837e" />
    <UnitTestResult executionId="28da400d-2e19-4032-8f7e-bd1fdbb41145" testId="4f08d93d-5230-6b25-905d-66feb0f5c312" testName="Mavi.IntegrationTests.AnalyticsApiTests.AMalformedQueryIsRefusedWithTheTypedInvalidCode(route: &quot;aggregates&quot;, query: &quot;?fromUtc=2026-09-21T04:00:00&amp;toUtc=2026-09-21T07:0&quot;···)" computerName="runnervmtr4k5" duration="00:00:00.3115439" startTime="2026-09-26T01:44:11.6966050+00:00" endTime="2026-09-26T01:44:12.0084206+00:00" testType="13cdc9d9-ddb5-4fa4-a97d-d965ccfc6d4b" outcome="Passed" testListId="8c84fa94-04c1-424b-9868-57a2d4851a1d" relativeResultsDirectory="28da400d-2e19-4032-8f7e-bd1fdbb41145" />
    <UnitTestResult executionId="88dcba2e-7c22-4470-a2fa-68083dc246c9" testId="609b098c-803f-6f08-6b0c-b01571318b01" testName="Mavi.IntegrationTests.WorkerContractV3Tests.WorstShapeBodyFitsUnderLimit" computerName="runnervmtr4k5" duration="00:00:00.2169317" startTime="2026-09-26T01:41:36.3838695+00:00" endTime="2026-09-26T01:41:36.6016802+00:00" testType="13cdc9d9-ddb5-4fa4-a97d-d965ccfc6d4b" outcome="Passed" testListId="8c84fa94-04c1-424b-9868-57a2d4851a1d" relativeResultsDirectory="88dcba2e-7c22-4470-a2fa-68083dc246c9">
      <Output>
        <StdOut>Worst-shape completion 3.1 body without provenance: 30,661,046 bytes (29.24 MiB).</StdOut>
      </Output>
    </UnitTestResult>
    <UnitTestResult executionId="e8825380-ebad-44a3-b488-e6ae70dbcd5e" testId="0dca71de-61c5-369d-1843-d6bc57aa8182" testName="Mavi.IntegrationTests.WorkerContractV3Tests.CompletionRejectsUnacceptedVersions(version: &quot;4.0&quot;, asynchronousFinalization: False)" computerName="runnervmtr4k5" duration="00:00:00.3040599" startTime="2026-09-26T01:41:34.5692874+00:00" endTime="2026-09-26T01:41:34.8736479+00:00" testType="13cdc9d9-ddb5-4fa4-a97d-d965ccfc6d4b" outcome="Passed" testListId="8c84fa94-04c1-424b-9868-57a2d4851a1d" relativeResultsDirectory="e8825380-ebad-44a3-b488-e6ae70dbcd5e" />
    <UnitTestResult executionId="661eb598-f061-4c4c-a41e-177777399f37" testId="3723f026-972c-6400-0b29-b53dbfad331e" testName="Mavi.IntegrationTests.AnalyticsApiTests.AMalformedQueryIsRefusedWithTheTypedInvalidCode(route: &quot;aggregates&quot;, query: &quot;?fromUtc=2026-09-21T04:00:00%2B05:30&amp;toUtc=2026-09&quot;···)" computerName="runnervmtr4k5" duration="00:00:00.3230410" startTime="2026-09-26T01:44:14.2247144+00:00" endTime="2026-09-26T01:44:14.5480278+00:00" testType="13cdc9d9-ddb5-4fa4-a97d-d965ccfc6d4b" outcome="Passed" testListId="8c84fa94-04c1-424b-9868-57a2d4851a1d" relativeResultsDirectory="661eb598-f061-4c4c-a41e-177777399f37" />
    <UnitTestResult executionId="7ab8bac6-7be9-4562-92b5-37d7dccde19a" testId="40914ac0-38ae-ddc5-4cba-0941e1dd344b" testName="Mavi.IntegrationTests.TrackSearchApiTests.InvalidSearchReturnsStableError(path: &quot;/api/tracks?zoneRelation=entered&quot;)" computerName="runnervmtr4k5" duration="00:00:00.2710766" startTime="2026-09-26T01:42:28.8127282+00:00" endTime="2026-09-26T01:42:29.0840507+00:00" testType="13cdc9d9-ddb5-4fa4-a97d-d965ccfc6d4b" outcome="Passed" testListId="8c84fa94-04c1-424b-9868-57a2d4851a1d" relativeResultsDirectory="7ab8bac6-7be9-4562-92b5-37d7dccde19a" />
    <UnitTestResult executionId="15ef0e7e-d766-4a35-933b-a369c3448a3a" testId="8b7c561c-1300-af35-6233-589536ff9d48" testName="Mavi.IntegrationTests.TrackSearchApiTests.InvalidSearchReturnsStableError(path: &quot;/api/tracks?limit=1&amp;limit=2&quot;)" computerName="runnervmtr4k5" duration="00:00:00.2604581" startTime="2026-09-26T01:42:30.7299862+00:00" endTime="2026-09-26T01:42:30.9907445+00:00" testType="13cdc9d9-ddb5-4fa4-a97d-d965ccfc6d4b" outcome="Passed" testListId="8c84fa94-04c1-424b-9868-57a2d4851a1d" relativeResultsDirectory="15ef0e7e-d766-4a35-933b-a369c3448a3a" />
    <UnitTestResult executionId="95d77848-9431-4112-92d8-7d9634ea7dec" testId="db6fea63-ced1-646a-0c62-87e02cd9caa3" testName="Mavi.IntegrationTests.WorkerContractV3Tests.CompletionRejectsUnacceptedVersions(version: &quot;1.0&quot;, asynchronousFinalization: False)" computerName="runnervmtr4k5" duration="00:00:00.2647606" startTime="2026-09-26T01:41:35.7527908+00:00" endTime="2026-09-26T01:41:36.0179082+00:00" testType="13cdc9d9-ddb5-4fa4-a97d-d965ccfc6d4b" outcome="Passed" testListId="8c84fa94-04c1-424b-9868-57a2d4851a1d" relativeResultsDirectory="95d77848-9431-4112-92d8-7d9634ea7dec" />
    <UnitTestResult executionId="14b58fae-0e39-46c6-bc13-7d51d5a650f1" testId="8c091a12-93de-32a9-23de-36c70dd71293" testName="Mavi.IntegrationTests.TrackSearchApiTests.InvalidSearchReturnsStableError(path: &quot;/api/tracks?zoneId=0199a1f0-0000-7000-8000-0000000&quot;···)" computerName="runnervmtr4k5" duration="00:00:00.2639398" startTime="2026-09-26T01:42:30.9908652+00:00" endTime="2026-09-26T01:42:31.2550326+00:00" testType="13cdc9d9-ddb5-4fa4-a97d-d965ccfc6d4b" outcome="Passed" testListId="8c84fa94-04c1-424b-9868-57a2d4851a1d" relativeResultsDirectory="14b58fae-0e39-46c6-bc13-7d51d5a650f1" />
    <UnitTestResult executionId="644b6968-10af-4ecb-a36f-5541fb1a5346" testId="6ea2ef7f-aec1-2b47-2c46-ac7862a69736" testName="Mavi.IntegrationTests.AnalyticsApiTests.AMalformedQueryIsRefusedWithTheTypedInvalidCode(route: &quot;aggregates&quot;, query: &quot;?fromUtc=2026-09-21T04:00:00Z&amp;toUtc=2026-09-21T07:&quot;···)" computerName="runnervmtr4k5" duration="00:00:00.3263711" startTime="2026-09-26T01:44:14.5481468+00:00" endTime="2026-09-26T01:44:14.8755397+00:00" testType="13cdc9d9-ddb5-4fa4-a97d-d965ccfc6d4b" outcome="Passed" testListId="8c84fa94-04c1-424b-9868-57a2d4851a1d" relativeResultsDirectory="644b6968-10af-4ecb-a36f-5541fb1a5346" />
    <UnitTestResult executionId="9f13cc3e-333a-4a4e-922e-997d3eb73dbc" testId="a52dab02-c32d-4517-23e9-cb6ca2c4c033" testName="Mavi.IntegrationTests.AnalyticsApiTests.AMalformedQueryIsRefusedWithTheTypedInvalidCode(route: &quot;heatmap&quot;, query: &quot;?fromUtc=2026-09-21T07:00:00Z&amp;toUtc=2026-09-21T07:&quot;···)" computerName="runnervmtr4k5" duration="00:00:00.3338790" startTime="2026-09-26T01:44:12.3150994+00:00" endTime="2026-09-26T01:44:12.6492687+00:00" testType="13cdc9d9-ddb5-4fa4-a97d-d965ccfc6d4b" outcome="Passed" testListId="8c84fa94-04c1-424b-9868-57a2d4851a1d" relativeResultsDirectory="9f13cc3e-333a-4a4e-922e-997d3eb73dbc" />
    <UnitTestResult executionId="455c395f-08b8-4edd-83ec-8a6d7bfc992a" testId="44d2852b-dbd9-e583-be9c-6904fbdf9569" testName="Mavi.IntegrationTests.WorkerContractV3Tests.V3MembersRejectUnknownNamesAndFractionalIntegers(json: &quot;{\&quot;schemaVersion\&quot;:\&quot;2.0\&quot;,\&quot;tracks\&quot;:[{\&quot;observat&quot;···)" computerName="runnervmtr4k5" duration="00:00:00.0003996" startTime="2026-09-26T01:41:34.2922480+00:00" endTime="2026-09-26T01:41:34.2925907+00:00" testType="13cdc9d9-ddb5-4fa4-a97d-d965ccfc6d4b" outcome="Passed" testListId="8c84fa94-04c1-424b-9868-57a2d4851a1d" relativeResultsDirectory="455c395f-08b8-4edd-83ec-8a6d7bfc992a" />
    <UnitTestResult executionId="084e322d-6fef-4512-a7f6-c9651963dbe7" testId="68b7ca2e-8613-27de-f52f-dbace58e0afe" testName="Mavi.IntegrationTests.WorkerContractV3Tests.CompletionRejectsUnacceptedVersions(version: &quot;3.1&quot;, asynchronousFinalization: False)" computerName="runnervmtr4k5" duration="00:00:00.3009366" startTime="2026-09-26T01:41:35.4514435+00:00" endTime="2026-09-26T01:41:35.7526663+00:00" testType="13cdc9d9-ddb5-4fa4-a97d-d965ccfc6d4b" outcome="Passed" testListId="8c84fa94-04c1-424b-9868-57a2d4851a1d" relativeResultsDirectory="084e322d-6fef-4512-a7f6-c9651963dbe7" />
    <UnitTestResult executionId="5eece950-036c-4051-9f43-49a624c057d9" testId="80b7bbe4-ca7f-06ec-3313-d1b6a28fa956" testName="Mavi.IntegrationTests.WorkerContractV3Tests.ObservationCollectionIsBoundedDuringJsonBinding" computerName="runnervmtr4k5" duration="00:00:00.0017328" startTime="2026-09-26T01:41:36.0180498+00:00" endTime="2026-09-26T01:41:36.0196847+00:00" testType="13cdc9d9-ddb5-4fa4-a97d-d965ccfc6d4b" outcome="Passed" testListId="8c84fa94-04c1-424b-9868-57a2d4851a1d" relativeResultsDirectory="5eece950-036c-4051-9f43-49a624c057d9" />
    <UnitTestResult executionId="c75bf08f-269e-43b8-87eb-609d21662ce4" testId="f622b75f-e339-d5d5-d2eb-add378c0bd5b" testName="Mavi.IntegrationTests.AnalyticsApiTests.AMalformedQueryIsRefusedWithTheTypedInvalidCode(route: &quot;heatmap&quot;, query: &quot;?fromUtc=2026-09-21T04:00:00Z&amp;toUtc=2026-09-21T07:&quot;···)" computerName="runnervmtr4k5" duration="00:00:00.3203231" startTime="2026-09-26T01:44:13.2817630+00:00" endTime="2026-09-26T01:44:13.6023869+00:00" testType="13cdc9d9-ddb5-4fa4-a97d-d965ccfc6d4b" outcome="Passed" testListId="8c84fa94-04c1-424b-9868-57a2d4851a1d" relativeResultsDirectory="c75bf08f-269e-43b8-87eb-609d21662ce4" />
    <UnitTestResult executionId="a1504fe7-ea1a-4734-9503-d3fb764a0122" testId="5c06e35c-b22d-d4c1-95a7-60e712ea4844" testName="Mavi.IntegrationTests.WorkerContractV3Tests.LeaseHeartbeatAndFailStayOnControlPlaneVersion2" computerName="runnervmtr4k5" duration="00:00:00.2819558" startTime="2026-09-26T01:41:36.1014166+00:00" endTime="2026-09-26T01:41:36.3837311+00:00" testType="13cdc9d9-ddb5-4fa4-a97d-d965ccfc6d4b" outcome="Passed" testListId="8c84fa94-04c1-424b-9868-57a2d4851a1d" relativeResultsDirectory="a1504fe7-ea1a-4734-9503-d3fb764a0122" />
    <UnitTestResult executionId="c729a7fb-8ed8-4412-a1de-32c63b57ae63" testId="d1ac775f-9c1a-8697-394b-e43ec4c12400" testName="Mavi.IntegrationTests.TrackSearchApiTests.InvalidSearchReturnsStableError(path: &quot;/api/tracks?crossingDirection=aToB&quot;)" computerName="runnervmtr4k5" duration="00:00:00.2735901" startTime="2026-09-26T01:42:30.4560753+00:00" endTime="2026-09-26T01:42:30.7299043+00:00" testType="13cdc9d9-ddb5-4fa4-a97d-d965ccfc6d4b" outcome="Passed" testListId="8c84fa94-04c1-424b-9868-57a2d4851a1d" relativeResultsDirectory="c729a7fb-8ed8-4412-a1de-32c63b57ae63" />
    <UnitTestResult executionId="ab5b3858-8164-4f01-bffa-97cb5482d0a9" testId="838b44f3-09a0-b57f-c7fa-7fe0b786de12" testName="Mavi.IntegrationTests.AnalyticsApiTests.AMalformedQueryIsRefusedWithTheTypedInvalidCode(route: &quot;heatmap&quot;, query: &quot;?fromUtc=2026-09-21&amp;toUtc=2026-09-21T07:00:00Z&quot;)" computerName="runnervmtr4k5" duration="00:00:00.3139196" startTime="2026-09-26T01:44:13.9103888+00:00" endTime="2026-09-26T01:44:14.2245926+00:00" testType="13cdc9d9-ddb5-4fa4-a97d-d965ccfc6d4b" outcome="Passed" testListId="8c84fa94-04c1-424b-9868-57a2d4851a1d" relativeResultsDirectory="ab5b3858-8164-4f01-bffa-97cb5482d0a9" />
    <UnitTestResult executionId="e7923b73-2010-4a23-8179-bd7dedc1bc5c" testId="bd241a78-cfbd-3db9-40b0-0262e9909925" testName="Mavi.IntegrationTests.WorkerContractV3Tests.V3MembersRejectUnknownNamesAndFractionalIntegers(json: &quot;{\&quot;evidenceAccounting\&quot;:{\&quot;representative\&quot;:{\&quot;can&quot;···)" computerName="runnervmtr4k5" duration="00:00:00.0000358" startTime="2026-09-26T01:41:34.2929308+00:00" endTime="2026-09-26T01:41:34.2929521+00:00" testType="13cdc9d9-ddb5-4fa4-a97d-d965ccfc6d4b" outcome="Passed" testListId="8c84fa94-04c1-424b-9868-57a2d4851a1d" relativeResultsDirectory="e7923b73-2010-4a23-8179-bd7dedc1bc5c" />
    <UnitTestResult executionId="e0c749cd-2462-489a-8e7d-42e2f30978f1" testId="4fa2e891-a82e-6c11-67b6-084ca29b9407" testName="Mavi.IntegrationTests.TrackSearchApiTests.InvalidSearchReturnsStableError(path: &quot;/api/tracks?sceneRevisionId=0199a1f0-0000-7000-800&quot;···)" computerName="runnervmtr4k5" duration="00:00:00.2645969" startTime="2026-09-26T01:42:28.2637343+00:00" endTime="2026-09-26T01:42:28.5286300+00:00" testType="13cdc9d9-ddb5-4fa4-a97d-d965ccfc6d4b" outcome="Passed" testListId="8c84fa94-04c1-424b-9868-57a2d4851a1d" relativeResultsDirectory="e0c749cd-2462-489a-8e7d-42e2f30978f1" />
    <UnitTestResult executionId="9fe18180-360f-4823-ae61-f31314944e0b" testId="119cd9df-2b0d-f31f-9e0b-1758c552f4f8" testName="Mavi.IntegrationTests.TrackSearchApiTests.InvalidSearchReturnsStableError(path: &quot;/api/tracks?lineId=0199a1f0-0000-7000-8000-0000000&quot;···)" computerName="runnervmtr4k5" duration="00:00:00.2836042" startTime="2026-09-26T01:42:28.5287332+00:00" endTime="2026-09-26T01:42:28.8126148+00:00" testType="13cdc9d9-ddb5-4fa4-a97d-d965ccfc6d4b" outcome="Passed" testListId="8c84fa94-04c1-424b-9868-57a2d4851a1d" relativeResultsDirectory="9fe18180-360f-4823-ae61-f31314944e0b" />
    <UnitTestResult executionId="99611e03-084c-4d63-8d07-4e4f9f90edb8" testId="4ad6a326-4807-049e-4b41-38a37ee29d56" testName="Mavi.IntegrationTests.AnalyticsApiTests.AMalformedQueryIsRefusedWithTheTypedInvalidCode(route: &quot;heatmap&quot;, query: &quot;?fromUtc=2026-09-21T04:00:00Z&amp;toUtc=2026-09-21T07:&quot;···)" computerName="runnervmtr4k5" duration="00:00:00.3092192" startTime="2026-09-26T01:44:09.8061261+00:00" endTime="2026-09-26T01:44:10.1157536+00:00" testType="13cdc9d9-ddb5-4fa4-a97d-d965ccfc6d4b" outcome="Passed" testListId="8c84fa94-04c1-424b-9868-57a2d4851a1d" relativeResultsDirectory="99611e03-084c-4d63-8d07-4e4f9f90edb8" />
    <UnitTestResult executionId="0b00b505-7e8a-4df4-b28b-9a0925fd986e" testId="20cd1195-dd53-b600-3cce-059477a71171" testName="Mavi.IntegrationTests.TrackSearchApiTests.InvalidSearchReturnsStableError(path: &quot;/api/tracks?minimumConfidence=1.1&quot;)" computerName="runnervmtr4k5" duration="00:00:00.2818137" startTime="2026-09-26T01:42:26.1235084+00:00" endTime="2026-09-26T01:42:26.4056791+00:00" testType="13cdc9d9-ddb5-4fa4-a97d-d965ccfc6d4b" outcome="Passed" testListId="8c84fa94-04c1-424b-9868-57a2d4851a1d" relativeResultsDirectory="0b00b505-7e8a-4df4-b28b-9a0925fd986e" />
    <UnitTestResult executionId="77ae491c-ecb7-4dac-a047-f4cb3ac2ab58" testId="383e02e8-85de-d419-a169-75b1d787e883" testName="Mavi.IntegrationTests.VisionFinalizationLifecycleTests.MalformedClaimIsNeverClaimedOrExhaustedAndIsReportedOnce(hash: False, expiry: False, extendedAt: True)" computerName="runnervmtr4k5" duration="00:00:00.3729863" startTime="2026-09-26T01:42:03.7749740+00:00" endTime="2026-09-26T01:42:04.1480094+00:00" testType="13cdc9d9-ddb5-4fa4-a97d-d965ccfc6d4b" outcome="Passed" testListId="8c84fa94-04c1-424b-9868-57a2d4851a1d" relativeResultsDirectory="77ae491c-ecb7-4dac-a047-f4cb3ac2ab58" />
    <UnitTestResult executionId="8f77c7bf-818b-4dec-b043-549c782ca932" testId="ae560d87-437c-96fc-831c-b17d9c5b627c" testName="Mavi.IntegrationTests.WorkerContractV3Tests.V3MembersRejectUnknownNamesAndFractionalIntegers(json: &quot;{\&quot;schemaVersion\&quot;:\&quot;3.0\&quot;,\&quot;tracks\&quot;:[{\&quot;represen&quot;···)" computerName="runnervmtr4k5" duration="00:00:00.0000406" startTime="2026-09-26T01:41:34.2927305+00:00" endTime="2026-09-26T01:41:34.2927521+00:00" testType="13cdc9d9-ddb5-4fa4-a97d-d965ccfc6d4b" outcome="Passed" testListId="8c84fa94-04c1-424b-9868-57a2d4851a1d" relativeResultsDirectory="8f77c7bf-818b-4dec-b043-549c782ca932" />
    <UnitTestResult executionId="2c927a5b-52e8-40cf-90cf-ae01dda6e0e0" testId="5287fb50-50cc-f34f-4077-a03bf5e63add" testName="Mavi.IntegrationTests.AnalyticsApiTests.AMalformedQueryIsRefusedWithTheTypedInvalidCode(route: &quot;heatmap&quot;, query: &quot;?fromUtc=2026-09-21T04:00:00Z&amp;toUtc=2026-09-21T07:&quot;···)" computerName="runnervmtr4k5" duration="00:00:00.3264502" startTime="2026-09-26T01:44:11.3697140+00:00" endTime="2026-09-26T01:44:11.6964754+00:00" testType="13cdc9d9-ddb5-4fa4-a97d-d965ccfc6d4b" outcome="Passed" testListId="8c84fa94-04c1-424b-9868-57a2d4851a1d" relativeResultsDirectory="2c927a5b-52e8-40cf-90cf-ae01dda6e0e0" />
    <UnitTestResult executionId="6e9ddb98-3e4f-4b3e-8bf5-eee38d905323" testId="093ccc3a-39d3-fc3e-2a1e-4f7d2fe08708" testName="Mavi.IntegrationTests.TrackSearchApiTests.InvalidSearchReturnsStableError(path: &quot;/api/tracks?fromUtc=2026-09-13T10:00:00%2B05:30&quot;)" computerName="runnervmtr4k5" duration="00:00:00.2638307" startTime="2026-09-26T01:42:29.9047921+00:00" endTime="2026-09-26T01:42:30.1688839+00:00" testType="13cdc9d9-ddb5-4fa4-a97d-d965ccfc6d4b" outcome="Passed" testListId="8c84fa94-04c1-424b-9868-57a2d4851a1d" relativeResultsDirectory="6e9ddb98-3e4f-4b3e-8bf5-eee38d905323" />
    <UnitTestResult executionId="56f4c2e0-90a9-4d66-9c00-1efd480ba518" testId="f6da652a-016b-4bb3-0ddd-b7b205e797e5" testName="Mavi.IntegrationTests.WorkerContractV3Tests.V3MembersRejectUnknownNamesAndFractionalIntegers(json: &quot;{\&quot;schemaVersion\&quot;:\&quot;2.0\&quot;,\&quot;evidenceAccounting\&quot;:&quot;···)" computerName="runnervmtr4k5" duration="00:00:00.0000242" startTime="2026-09-26T01:41:34.2927990+00:00" endTime="2026-09-26T01:41:34.2928212+00:00" testType="13cdc9d9-ddb5-4fa4-a97d-d965ccfc6d4b" outcome="Passed" testListId="8c84fa94-04c1-424b-9868-57a2d4851a1d" relativeResultsDirectory="56f4c2e0-90a9-4d66-9c00-1efd480ba518" />
    <UnitTestResult executionId="ab6c861c-3b8a-48f1-a520-f0a608f9ad58" testId="19e5a819-446e-64cc-2ef4-4b8687e04dab" testName="Mavi.IntegrationTests.VisionFinalizationLifecycleTests.MalformedClaimIsNeverClaimedOrExhaustedAndIsReportedOnce(hash: True, expiry: True, extendedAt: False)" computerName="runnervmtr4k5" duration="00:00:00.3680137" startTime="2026-09-26T01:42:03.4063467+00:00" endTime="2026-09-26T01:42:03.7746545+00:00" testType="13cdc9d9-ddb5-4fa4-a97d-d965ccfc6d4b" outcome="Passed" testListId="8c84fa94-04c1-424b-9868-57a2d4851a1d" relativeResultsDirectory="ab6c861c-3b8a-48f1-a520-f0a608f9ad58" />
    <UnitTestResult executionId="e48efe5b-ce48-4b54-a033-9a14735ddc4a" testId="1b88ed42-7e66-fe0f-48dd-eeb685d7ce28" testName="Mavi.IntegrationTests.AnalyticsApiTests.AMalformedQueryIsRefusedWithTheTypedInvalidCode(route: &quot;heatmap&quot;, query: &quot;?fromUtc=2026-09-21T04:00:00Z&amp;toUtc=2026-09-21T07:&quot;···)" computerName="runnervmtr4k5" duration="00:00:00.3208231" startTime="2026-09-26T01:44:12.9605573+00:00" endTime="2026-09-26T01:44:13.2816375+00:00" testType="13cdc9d9-ddb5-4fa4-a97d-d965ccfc6d4b" outcome="Passed" testListId="8c84fa94-04c1-424b-9868-57a2d4851a1d" relativeResultsDirectory="e48efe5b-ce48-4b54-a033-9a14735ddc4a" />
    <UnitTestResult executionId="a8317b50-fa1c-425d-aa62-1794f1e0ec87" testId="7f5b38fd-54c0-97e5-bb57-08f281da2ad0" testName="Mavi.IntegrationTests.TrackSearchApiTests.InvalidSearchReturnsStableError(path: &quot;/api/tracks?analyticsAlgorithmVersion=scene-analyt&quot;···)" computerName="runnervmtr4k5" duration="00:00:00.2866695" startTime="2026-09-26T01:42:30.1689771+00:00" endTime="2026-09-26T01:42:30.4559575+00:00" testType="13cdc9d9-ddb5-4fa4-a97d-d965ccfc6d4b" outcome="Passed" testListId="8c84fa94-04c1-424b-9868-57a2d4851a1d" relativeResultsDirectory="a8317b50-fa1c-425d-aa62-1794f1e0ec87" />
    <UnitTestResult executionId="1bf4194a-7a35-4f1b-925d-268cec1ab8ae" testId="68efcc9b-634d-71db-0fd0-f3da230171ed" testName="Mavi.IntegrationTests.WorkerContractV3Tests.V3MembersRejectUnknownNamesAndFractionalIntegers(json: &quot;{\&quot;tracks\&quot;:[{\&quot;observations\&quot;:[{\&quot;role\&quot;:\&quot;repres&quot;···)" computerName="runnervmtr4k5" duration="00:00:00.0005060" startTime="2026-09-26T01:41:34.2912214+00:00" endTime="2026-09-26T01:41:34.2921264+00:00" testType="13cdc9d9-ddb5-4fa4-a97d-d965ccfc6d4b" outcome="Passed" testListId="8c84fa94-04c1-424b-9868-57a2d4851a1d" relativeResultsDirectory="1bf4194a-7a35-4f1b-925d-268cec1ab8ae" />
    <UnitTestResult executionId="626e7d30-cf40-48f1-bac5-36239b639d29" testId="f8c7ea38-5b66-0c4a-ffa7-c7b9b547e2bc" testName="Mavi.IntegrationTests.WorkerContractV3Tests.V3MembersRejectUnknownNamesAndFractionalIntegers(json: &quot;{\&quot;evidenceAccounting\&quot;:{\&quot;representative\&quot;:{\&quot;can&quot;···)" computerName="runnervmtr4k5" duration="00:00:00.0000402" startTime="2026-09-26T01:41:34.2929950+00:00" endTime="2026-09-26T01:41:34.2930167+00:00" testType="13cdc9d9-ddb5-4fa4-a97d-d965ccfc6d4b" outcome="Passed" testListId="8c84fa94-04c1-424b-9868-57a2d4851a1d" relativeResultsDirectory="626e7d30-cf40-48f1-bac5-36239b639d29" />
    <UnitTestResult executionId="ae09fb25-2fbd-4fe0-8c48-0c683bb07698" testId="20a99dce-c8d1-d859-5018-dff1c529ea29" testName="Mavi.IntegrationTests.AnalyticsApiTests.AMalformedQueryIsRefusedWithTheTypedInvalidCode(route: &quot;aggregates&quot;, query: &quot;?fromUtc=2026-09-21T04:00:00Z&amp;toUtc=2026-09-21T07:&quot;···)" computerName="runnervmtr4k5" duration="00:00:00.3061694" startTime="2026-09-26T01:44:12.0085437+00:00" endTime="2026-09-26T01:44:12.3149747+00:00" testType="13cdc9d9-ddb5-4fa4-a97d-d965ccfc6d4b" outcome="Passed" testListId="8c84fa94-04c1-424b-9868-57a2d4851a1d" relativeResultsDirectory="ae09fb25-2fbd-4fe0-8c48-0c683bb07698" />
    <UnitTestResult executionId="a6850167-bf78-4d7a-a2f8-b71c5350b5af" testId="f97604d5-245f-34a2-d495-d3b9c84fad9e" testName="Mavi.IntegrationTests.TrackSearchApiTests.InvalidSearchReturnsStableError(path: &quot;/api/tracks?minDwellMs=1000&quot;)" computerName="runnervmtr4k5" duration="00:00:00.2728800" startTime="2026-09-26T01:42:32.0887787+00:00" endTime="2026-09-26T01:42:32.3619381+00:00" testType="13cdc9d9-ddb5-4fa4-a97d-d965ccfc6d4b" outcome="Passed" testListId="8c84fa94-04c1-424b-9868-57a2d4851a1d" relativeResultsDirectory="a6850167-bf78-4d7a-a2f8-b71c5350b5af" />
    <UnitTestResult executionId="13f97fac-81c8-465c-b2a1-44518d408269" testId="68f8b3c2-3776-89b6-d22d-78812cb99f64" testName="Mavi.IntegrationTests.TrackSearchApiTests.InvalidSearchReturnsStableError(path: &quot;/api/tracks?fromUtc=2026-09-13T10:00:00&quot;)" computerName="runnervmtr4k5" duration="00:00:00.2823720" startTime="2026-09-26T01:42:31.8058815+00:00" endTime="2026-09-26T01:42:32.0886520+00:00" testType="13cdc9d9-ddb5-4fa4-a97d-d965ccfc6d4b" outcome="Passed" testListId="8c84fa94-04c1-424b-9868-57a2d4851a1d" relativeResultsDirectory="13f97fac-81c8-465c-b2a1-44518d408269" />
    <UnitTestResult executionId="4960c7bd-d192-4c92-84bc-4c178583b4cc" testId="9d5ce578-1fdf-27dc-566a-9a9b212a772f" testName="Mavi.IntegrationTests.WorkerContractV3Tests.CanonicalV3ExampleRoundTripsThroughPublicContract" computerName="runnervmtr4k5" duration="00:00:00.0030437" startTime="2026-09-26T01:41:36.0983585+00:00" endTime="2026-09-26T01:41:36.1013368+00:00" testType="13cdc9d9-ddb5-4fa4-a97d-d965ccfc6d4b" outcome="Passed" testListId="8c84fa94-04c1-424b-9868-57a2d4851a1d" relativeResultsDirectory="4960c7bd-d192-4c92-84bc-4c178583b4cc" />
    <UnitTestResult executionId="9fd4371b-c0fa-4ce2-90ba-28524c4fd775" testId="cf9aa256-c7eb-275e-4f5d-fbd4df1feb67" testName="Mavi.IntegrationTests.TrackSearchApiTests.InvalidSearchReturnsStableError(path: &quot;/api/tracks?zoneId=0199a1f0-0000-7000-8000-0000000&quot;···)" computerName="runnervmtr4k5" duration="00:00:00.2816281" startTime="2026-09-26T01:42:31.2551145+00:00" endTime="2026-09-26T01:42:31.5370694+00:00" testType="13cdc9d9-ddb5-4fa4-a97d-d965ccfc6d4b" outcome="Passed" testListId="8c84fa94-04c1-424b-9868-57a2d4851a1d" relativeResultsDirectory="9fd4371b-c0fa-4ce2-90ba-28524c4fd775" />
    <UnitTestResult executionId="f2310223-0869-47c8-9aa3-3d1e89c2d9ac" testId="9103d75b-5866-3e1e-0636-7f9f6d9e1fb9" testName="Mavi.IntegrationTests.WorkerContractV3Tests.CompletionRejectsUnacceptedVersions(version: &quot;3.0&quot;, asynchronousFinalization: True)" computerName="runnervmtr4k5" duration="00:00:00.2741881" startTime="2026-09-26T01:41:34.8737732+00:00" endTime="2026-09-26T01:41:35.1496073+00:00" testType="13cdc9d9-ddb5-4fa4-a97d-d965ccfc6d4b" outcome="Passed" testListId="8c84fa94-04c1-424b-9868-57a2d4851a1d" relativeResultsDirectory="f2310223-0869-47c8-9aa3-3d1e89c2d9ac" />
    <UnitTestResult executionId="e1954ba0-98fc-47fe-9c63-eedaf7ef7595" testId="d3ef1b31-de96-86e7-c87b-1d5185467df5" testName="Mavi.IntegrationTests.AnalyticsApiTests.AMalformedQueryIsRefusedWithTheTypedInvalidCode(route: &quot;heatmap&quot;, query: &quot;?fromUtc=2026-09-21T04:00:00Z&amp;toUtc=2026-09-21T07:&quot;···)" computerName="runnervmtr4k5" duration="00:00:00.3192119" startTime="2026-09-26T01:44:10.4315805+00:00" endTime="2026-09-26T01:44:10.7510063+00:00" testType="13cdc9d9-ddb5-4fa4-a97d-d965ccfc6d4b" outcome="Passed" testListId="8c84fa94-04c1-424b-9868-57a2d4851a1d" relativeResultsDirectory="e1954ba0-98fc-47fe-9c63-eedaf7ef7595" />
    <UnitTestResult executionId="69f5b95b-9535-4b44-a711-080944e037cc" testId="598c80f7-3723-8114-dbbe-318fb0f595d7" testName="Mavi.IntegrationTests.TrackSearchApiTests.InvalidSearchReturnsStableError(path: &quot;/api/tracks?minimumDurationMs=-1&quot;)" computerName="runnervmtr4k5" duration="00:00:00.2656233" startTime="2026-09-26T01:42:29.6386980+00:00" endTime="2026-09-26T01:42:29.9046736+00:00" testType="13cdc9d9-ddb5-4fa4-a97d-d965ccfc6d4b" outcome="Passed" testListId="8c84fa94-04c1-424b-9868-57a2d4851a1d" relativeResultsDirectory="69f5b95b-9535-4b44-a711-080944e037cc" />
  </Results>
  <TestDefinitions>
    <UnitTest name="Mavi.IntegrationTests.WorkerContractV3Tests.V3MembersRejectUnknownNamesAndFractionalIntegers(json: &quot;{\&quot;evidenceAccounting\&quot;:{\&quot;nearView\&quot;:{}}}&quot;)" storage="/home/runner/work/mavi/mavi/tests/mavi.integrationtests/bin/release/net10.0/mavi.integrationtests.dll" id="b93f7d1c-1938-90cb-c409-b2415636e776">
      <Execution id="2854ad38-f1f3-43f7-955d-9908123ad111" />
      <TestMethod codeBase="/home/runner/work/MAVI/MAVI/tests/Mavi.IntegrationTests/bin/Release/net10.0/Mavi.IntegrationTests.dll" adapterTypeName="executor://xunit/VsTestRunner3/netcore/" className="Mavi.IntegrationTests.WorkerContractV3Tests" name="V3MembersRejectUnknownNamesAndFractionalIntegers" />
    </UnitTest>
    <UnitTest name="Mavi.IntegrationTests.AnalyticsApiTests.AMalformedQueryIsRefusedWithTheTypedInvalidCode(route: &quot;aggregates&quot;, query: &quot;?fromUtc=2026-09-21T04:00:00%2B05:30&amp;toUtc=2026-09&quot;···)" storage="/home/runner/work/mavi/mavi/tests/mavi.integrationtests/bin/release/net10.0/mavi.integrationtests.dll" id="3723f026-972c-6400-0b29-b53dbfad331e">
      <Execution id="661eb598-f061-4c4c-a41e-177777399f37" />
      <TestMethod codeBase="/home/runner/work/MAVI/MAVI/tests/Mavi.IntegrationTests/bin/Release/net10.0/Mavi.IntegrationTests.dll" adapterTypeName="executor://xunit/VsTestRunner3/netcore/" className="Mavi.IntegrationTests.AnalyticsApiTests" name="AMalformedQueryIsRefusedWithTheTypedInvalidCode" />
    </UnitTest>
    <UnitTest name="Mavi.IntegrationTests.AnalyticsApiTests.AMalformedQueryIsRefusedWithTheTypedInvalidCode(route: &quot;heatmap&quot;, query: &quot;?fromUtc=2026-09-21T04:00:00Z&amp;toUtc=2026-09-21T07:&quot;···)" storage="/home/runner/work/mavi/mavi/tests/mavi.integrationtests/bin/release/net10.0/mavi.integrationtests.dll" id="1b88ed42-7e66-fe0f-48dd-eeb685d7ce28">
      <Execution id="e48efe5b-ce48-4b54-a033-9a14735ddc4a" />
      <TestMethod codeBase="/home/runner/work/MAVI/MAVI/tests/Mavi.IntegrationTests/bin/Release/net10.0/Mavi.IntegrationTests.dll" adapterTypeName="executor://xunit/VsTestRunner3/netcore/" className="Mavi.IntegrationTests.AnalyticsApiTests" name="AMalformedQueryIsRefusedWithTheTypedInvalidCode" />
    </UnitTest>
    <UnitTest name="Mavi.IntegrationTests.TrackSearchApiTests.InvalidSearchReturnsStableError(path: &quot;/api/tracks?crossingDirection=aToB&quot;)" storage="/home/runner/work/mavi/mavi/tests/mavi.integrationtests/bin/release/net10.0/mavi.integrationtests.dll" id="d1ac775f-9c1a-8697-394b-e43ec4c12400">
      <Execution id="c729a7fb-8ed8-4412-a1de-32c63b57ae63" />
      <TestMethod codeBase="/home/runner/work/MAVI/MAVI/tests/Mavi.IntegrationTests/bin/Release/net10.0/Mavi.IntegrationTests.dll" adapterTypeName="executor://xunit/VsTestRunner3/netcore/" className="Mavi.IntegrationTests.TrackSearchApiTests" name="InvalidSearchReturnsStableError" />
    </UnitTest>
    <UnitTest name="Mavi.IntegrationTests.TrackSearchApiTests.InvalidSearchReturnsStableError(path: &quot;/api/tracks?motionDirection=None&quot;)" storage="/home/runner/work/mavi/mavi/tests/mavi.integrationtests/bin/release/net10.0/mavi.integrationtests.dll" id="f617156b-0c61-6dd3-40eb-9ce71740bb66">
      <Execution id="1d152f5a-4ccf-4fe3-b9a6-2a774cb0efe4" />
      <TestMethod codeBase="/home/runner/work/MAVI/MAVI/tests/Mavi.IntegrationTests/bin/Release/net10.0/Mavi.IntegrationTests.dll" adapterTypeName="executor://xunit/VsTestRunner3/netcore/" className="Mavi.IntegrationTests.TrackSearchApiTests" name="InvalidSearchReturnsStableError" />
    </UnitTest>
    <UnitTest name="Mavi.IntegrationTests.WorkerContractV3Tests.V3MembersRejectUnknownNamesAndFractionalIntegers(json: &quot;{\&quot;schemaVersion\&quot;:\&quot;2.0\&quot;,\&quot;tracks\&quot;:[{\&quot;observat&quot;···)" storage="/home/runner/work/mavi/mavi/tests/mavi.integrationtests/bin/release/net10.0/mavi.integrationtests.dll" id="44d2852b-dbd9-e583-be9c-6904fbdf9569">
      <Execution id="455c395f-08b8-4edd-83ec-8a6d7bfc992a" />
      <TestMethod codeBase="/home/runner/work/MAVI/MAVI/tests/Mavi.IntegrationTests/bin/Release/net10.0/Mavi.IntegrationTests.dll" adapterTypeName="executor://xunit/VsTestRunner3/netcore/" className="Mavi.IntegrationTests.WorkerContractV3Tests" name="V3MembersRejectUnknownNamesAndFractionalIntegers" />
    </UnitTest>
    <UnitTest name="Mavi.IntegrationTests.WorkerContractV3Tests.V3MembersRejectUnknownNamesAndFractionalIntegers(json: &quot;{\&quot;evidenceAccounting\&quot;:{\&quot;representative\&quot;:{\&quot;can&quot;···)" storage="/home/runner/work/mavi/mavi/tests/mavi.integrationtests/bin/release/net10.0/mavi.integrationtests.dll" id="bd241a78-cfbd-3db9-40b0-0262e9909925">
      <Execution id="e7923b73-2010-4a23-8179-bd7dedc1bc5c" />
      <TestMethod codeBase="/home/runner/work/MAVI/MAVI/tests/Mavi.IntegrationTests/bin/Release/net10.0/Mavi.IntegrationTests.dll" adapterTypeName="executor://xunit/VsTestRunner3/netcore/" className="Mavi.IntegrationTests.WorkerContractV3Tests" name="V3MembersRejectUnknownNamesAndFractionalIntegers" />
    </UnitTest>
    <UnitTest name="Mavi.IntegrationTests.WorkerContractV3Tests.CanonicalV3ExampleRoundTripsThroughPublicContract" storage="/home/runner/work/mavi/mavi/tests/mavi.integrationtests/bin/release/net10.0/mavi.integrationtests.dll" id="9d5ce578-1fdf-27dc-566a-9a9b212a772f">
      <Execution id="4960c7bd-d192-4c92-84bc-4c178583b4cc" />
      <TestMethod codeBase="/home/runner/work/MAVI/MAVI/tests/Mavi.IntegrationTests/bin/Release/net10.0/Mavi.IntegrationTests.dll" adapterTypeName="executor://xunit/VsTestRunner3/netcore/" className="Mavi.IntegrationTests.WorkerContractV3Tests" name="CanonicalV3ExampleRoundTripsThroughPublicContract" />
    </UnitTest>
    <UnitTest name="Mavi.IntegrationTests.AnalyticsApiTests.AMalformedQueryIsRefusedWithTheTypedInvalidCode(route: &quot;aggregates&quot;, query: &quot;?fromUtc=2026-09-21T04:00:00Z&amp;toUtc=2026-09-21T07:&quot;···)" storage="/home/runner/work/mavi/mavi/tests/mavi.integrationtests/bin/release/net10.0/mavi.integrationtests.dll" id="3b9d5331-06ed-29a6-cd82-b2bc0198546c">
      <Execution id="aaf94e0e-fc00-41b9-8a2f-24db65c85eba" />
      <TestMethod codeBase="/home/runner/work/MAVI/MAVI/tests/Mavi.IntegrationTests/bin/Release/net10.0/Mavi.IntegrationTests.dll" adapterTypeName="executor://xunit/VsTestRunner3/netcore/" className="Mavi.IntegrationTests.AnalyticsApiTests" name="AMalformedQueryIsRefusedWithTheTypedInvalidCode" />
    </UnitTest>
    <UnitTest name="Mavi.IntegrationTests.WorkerContractV3Tests.V3MembersRejectUnknownNamesAndFractionalIntegers(json: &quot;{\&quot;tracks\&quot;:[{\&quot;observations\&quot;:[{\&quot;role\&quot;:\&quot;repres&quot;···)" storage="/home/runner/work/mavi/mavi/tests/mavi.integrationtests/bin/release/net10.0/mavi.integrationtests.dll" id="68efcc9b-634d-71db-0fd0-f3da230171ed">
      <Execution id="1bf4194a-7a35-4f1b-925d-268cec1ab8ae" />
      <TestMethod codeBase="/home/runner/work/MAVI/MAVI/tests/Mavi.IntegrationTests/bin/Release/net10.0/Mavi.IntegrationTests.dll" adapterTypeName="executor://xunit/VsTestRunner3/netcore/" className="Mavi.IntegrationTests.WorkerContractV3Tests" name="V3MembersRejectUnknownNamesAndFractionalIntegers" />
    </UnitTest>
    <UnitTest name="Mavi.IntegrationTests.TrackSearchApiTests.InvalidSearchReturnsStableError(path: &quot;/api/tracks?analyticsCoverage=complete&quot;)" storage="/home/runner/work/mavi/mavi/tests/mavi.integrationtests/bin/release/net10.0/mavi.integrationtests.dll" id="3cee37b4-98a6-2d07-276e-8369aa2f5cdd">
      <Execution id="77572e3b-681f-4fb6-8107-c0a3b7f69067" />
      <TestMethod codeBase="/home/runner/work/MAVI/MAVI/tests/Mavi.IntegrationTests/bin/Release/net10.0/Mavi.IntegrationTests.dll" adapterTypeName="executor://xunit/VsTestRunner3/netcore/" className="Mavi.IntegrationTests.TrackSearchApiTests" name="InvalidSearchReturnsStableError" />
    </UnitTest>
    <UnitTest name="Mavi.IntegrationTests.TrackSearchApiTests.InvalidSearchReturnsStableError(path: &quot;/api/tracks?zoneId=0199a1f0-0000-7000-8000-0000000&quot;···)" storage="/home/runner/work/mavi/mavi/tests/mavi.integrationtests/bin/release/net10.0/mavi.integrationtests.dll" id="c39099d9-93bc-05e8-65db-6f32a3bf80e4">
      <Execution id="a86e6383-ea4f-447a-80b4-49009a5d176d" />
      <TestMethod codeBase="/home/runner/work/MAVI/MAVI/tests/Mavi.IntegrationTests/bin/Release/net10.0/Mavi.IntegrationTests.dll" adapterTypeName="executor://xunit/VsTestRunner3/netcore/" className="Mavi.IntegrationTests.TrackSearchApiTests" name="InvalidSearchReturnsStableError" />
    </UnitTest>
    <UnitTest name="Mavi.IntegrationTests.AnalyticsApiTests.AMalformedQueryIsRefusedWithTheTypedInvalidCode(route: &quot;heatmap&quot;, query: &quot;?fromUtc=2026-09-21&amp;toUtc=2026-09-21T07:00:00Z&quot;)" storage="/home/runner/work/mavi/mavi/tests/mavi.integrationtests/bin/release/net10.0/mavi.integrationtests.dll" id="838b44f3-09a0-b57f-c7fa-7fe0b786de12">
      <Execution id="ab5b3858-8164-4f01-bffa-97cb5482d0a9" />
      <TestMethod codeBase="/home/runner/work/MAVI/MAVI/tests/Mavi.IntegrationTests/bin/Release/net10.0/Mavi.IntegrationTests.dll" adapterTypeName="executor://xunit/VsTestRunner3/netcore/" className="Mavi.IntegrationTests.AnalyticsApiTests" name="AMalformedQueryIsRefusedWithTheTypedInvalidCode" />
    </UnitTest>
    <UnitTest name="Mavi.IntegrationTests.TrackSearchApiTests.InvalidSearchReturnsStableError(path: &quot;/api/tracks?minDwellMs=1000&quot;)" storage="/home/runner/work/mavi/mavi/tests/mavi.integrationtests/bin/release/net10.0/mavi.integrationtests.dll" id="f97604d5-245f-34a2-d495-d3b9c84fad9e">
      <Execution id="a6850167-bf78-4d7a-a2f8-b71c5350b5af" />
      <TestMethod codeBase="/home/runner/work/MAVI/MAVI/tests/Mavi.IntegrationTests/bin/Release/net10.0/Mavi.IntegrationTests.dll" adapterTypeName="executor://xunit/VsTestRunner3/netcore/" className="Mavi.IntegrationTests.TrackSearchApiTests" name="InvalidSearchReturnsStableError" />
    </UnitTest>
    <UnitTest name="Mavi.IntegrationTests.WorkerContractV3Tests.V3MembersRejectUnknownNamesAndFractionalIntegers(json: &quot;{\&quot;schemaVersion\&quot;:\&quot;3.0\&quot;,\&quot;tracks\&quot;:[{\&quot;represen&quot;···)" storage="/home/runner/work/mavi/mavi/tests/mavi.integrationtests/bin/release/net10.0/mavi.integrationtests.dll" id="ae560d87-437c-96fc-831c-b17d9c5b627c">
      <Execution id="8f77c7bf-818b-4dec-b043-549c782ca932" />
      <TestMethod codeBase="/home/runner/work/MAVI/MAVI/tests/Mavi.IntegrationTests/bin/Release/net10.0/Mavi.IntegrationTests.dll" adapterTypeName="executor://xunit/VsTestRunner3/netcore/" className="Mavi.IntegrationTests.WorkerContractV3Tests" name="V3MembersRejectUnknownNamesAndFractionalIntegers" />
    </UnitTest>
    <UnitTest name="Mavi.IntegrationTests.AnalyticsApiTests.AMalformedQueryIsRefusedWithTheTypedInvalidCode(route: &quot;aggregates&quot;, query: &quot;?fromUtc=2026-09-21T07:00:00Z&amp;toUtc=2026-09-21T04:&quot;···)" storage="/home/runner/work/mavi/mavi/tests/mavi.integrationtests/bin/release/net10.0/mavi.integrationtests.dll" id="72ae8ff4-4351-e3be-d276-5dce1f4d665c">
      <Execution id="afc3eb1b-ed66-4cde-a749-e120bb328402" />
      <TestMethod codeBase="/home/runner/work/MAVI/MAVI/tests/Mavi.IntegrationTests/bin/Release/net10.0/Mavi.IntegrationTests.dll" adapterTypeName="executor://xunit/VsTestRunner3/netcore/" className="Mavi.IntegrationTests.AnalyticsApiTests" name="AMalformedQueryIsRefusedWithTheTypedInvalidCode" />
    </UnitTest>
    <UnitTest name="Mavi.IntegrationTests.TrackSearchApiTests.InvalidSearchReturnsStableError(path: &quot;/api/tracks?fromUtc=2026-09-13T10:00:00&quot;)" storage="/home/runner/work/mavi/mavi/tests/mavi.integrationtests/bin/release/net10.0/mavi.integrationtests.dll" id="68f8b3c2-3776-89b6-d22d-78812cb99f64">
      <Execution id="13f97fac-81c8-465c-b2a1-44518d408269" />
      <TestMethod codeBase="/home/runner/work/MAVI/MAVI/tests/Mavi.IntegrationTests/bin/Release/net10.0/Mavi.IntegrationTests.dll" adapterTypeName="executor://xunit/VsTestRunner3/netcore/" className="Mavi.IntegrationTests.TrackSearchApiTests" name="InvalidSearchReturnsStableError" />
    </UnitTest>
    <UnitTest name="Mavi.IntegrationTests.TrackSearchApiTests.InvalidSearchReturnsStableError(path: &quot;/api/tracks?zoneRelation=entered&quot;)" storage="/home/runner/work/mavi/mavi/tests/mavi.integrationtests/bin/release/net10.0/mavi.integrationtests.dll" id="40914ac0-38ae-ddc5-4cba-0941e1dd344b">
      <Execution id="7ab8bac6-7be9-4562-92b5-37d7dccde19a" />
      <TestMethod codeBase="/home/runner/work/MAVI/MAVI/tests/Mavi.IntegrationTests/bin/Release/net10.0/Mavi.IntegrationTests.dll" adapterTypeName="executor://xunit/VsTestRunner3/netcore/" className="Mavi.IntegrationTests.TrackSearchApiTests" name="InvalidSearchReturnsStableError" />
    </UnitTest>
    <UnitTest name="Mavi.IntegrationTests.TrackSearchApiTests.InvalidSearchReturnsStableError(path: &quot;/api/tracks?analyticsAlgorithmVersion=scene-analyt&quot;···)" storage="/home/runner/work/mavi/mavi/tests/mavi.integrationtests/bin/release/net10.0/mavi.integrationtests.dll" id="7f5b38fd-54c0-97e5-bb57-08f281da2ad0">
      <Execution id="a8317b50-fa1c-425d-aa62-1794f1e0ec87" />
      <TestMethod codeBase="/home/runner/work/MAVI/MAVI/tests/Mavi.IntegrationTests/bin/Release/net10.0/Mavi.IntegrationTests.dll" adapterTypeName="executor://xunit/VsTestRunner3/netcore/" className="Mavi.IntegrationTests.TrackSearchApiTests" name="InvalidSearchReturnsStableError" />
    </UnitTest>
    <UnitTest name="Mavi.IntegrationTests.TrackSearchApiTests.InvalidSearchReturnsStableError(path: &quot;/api/tracks?limit=101&quot;)" storage="/home/runner/work/mavi/mavi/tests/mavi.integrationtests/bin/release/net10.0/mavi.integrationtests.dll" id="550f8763-6216-347f-643c-2485ca5fdef2">
      <Execution id="322635cf-b287-43d8-8a02-bdbb755334c9" />
      <TestMethod codeBase="/home/runner/work/MAVI/MAVI/tests/Mavi.IntegrationTests/bin/Release/net10.0/Mavi.IntegrationTests.dll" adapterTypeName="executor://xunit/VsTestRunner3/netcore/" className="Mavi.IntegrationTests.TrackSearchApiTests" name="InvalidSearchReturnsStableError" />
    </UnitTest>
    <UnitTest name="Mavi.IntegrationTests.AnalyticsApiTests.AMalformedQueryIsRefusedWithTheTypedInvalidCode(route: &quot;heatmap&quot;, query: &quot;?fromUtc=2026-09-21T07:00:00Z&amp;toUtc=2026-09-21T07:&quot;···)" storage="/home/runner/work/mavi/mavi/tests/mavi.integrationtests/bin/release/net10.0/mavi.integrationtests.dll" id="a52dab02-c32d-4517-23e9-cb6ca2c4c033">
      <Execution id="9f13cc3e-333a-4a4e-922e-997d3eb73dbc" />
      <TestMethod codeBase="/home/runner/work/MAVI/MAVI/tests/Mavi.IntegrationTests/bin/Release/net10.0/Mavi.IntegrationTests.dll" adapterTypeName="executor://xunit/VsTestRunner3/netcore/" className="Mavi.IntegrationTests.AnalyticsApiTests" name="AMalformedQueryIsRefusedWithTheTypedInvalidCode" />
    </UnitTest>
    <UnitTest name="Mavi.IntegrationTests.WorkerContractV3Tests.ContractProbeAdvertisesControlPlaneAndBothSynchronousCompletionVersionsByDefault" storage="/home/runner/work/mavi/mavi/tests/mavi.integrationtests/bin/release/net10.0/mavi.integrationtests.dll" id="b24c2421-3c26-8863-dc17-1a22c4064a10">
      <Execution id="4f078402-5f6b-4081-81c6-82b28d495566" />
      <TestMethod codeBase="/home/runner/work/MAVI/MAVI/tests/Mavi.IntegrationTests/bin/Release/net10.0/Mavi.IntegrationTests.dll" adapterTypeName="executor://xunit/VsTestRunner3/netcore/" className="Mavi.IntegrationTests.WorkerContractV3Tests" name="ContractProbeAdvertisesControlPlaneAndBothSynchronousCompletionVersionsByDefault" />
    </UnitTest>
    <UnitTest name="Mavi.IntegrationTests.WorkerContractV3Tests.WorstShapeBodyFitsUnderLimit" storage="/home/runner/work/mavi/mavi/tests/mavi.integrationtests/bin/release/net10.0/mavi.integrationtests.dll" id="609b098c-803f-6f08-6b0c-b01571318b01">
      <Execution id="88dcba2e-7c22-4470-a2fa-68083dc246c9" />
      <TestMethod codeBase="/home/runner/work/MAVI/MAVI/tests/Mavi.IntegrationTests/bin/Release/net10.0/Mavi.IntegrationTests.dll" adapterTypeName="executor://xunit/VsTestRunner3/netcore/" className="Mavi.IntegrationTests.WorkerContractV3Tests" name="WorstShapeBodyFitsUnderLimit" />
    </UnitTest>
    <UnitTest name="Mavi.IntegrationTests.WorkerContractV3Tests.FiveObservationsAreRejectedAtTheHttpBoundary" storage="/home/runner/work/mavi/mavi/tests/mavi.integrationtests/bin/release/net10.0/mavi.integrationtests.dll" id="eabf2a4f-e2d4-5d15-439d-64da0c48e40f">
      <Execution id="6dc25e98-379a-40bf-8dce-f5da7d71d4ed" />
      <TestMethod codeBase="/home/runner/work/MAVI/MAVI/tests/Mavi.IntegrationTests/bin/Release/net10.0/Mavi.IntegrationTests.dll" adapterTypeName="executor://xunit/VsTestRunner3/netcore/" className="Mavi.IntegrationTests.WorkerContractV3Tests" name="FiveObservationsAreRejectedAtTheHttpBoundary" />
    </UnitTest>
    <UnitTest name="Mavi.IntegrationTests.VisionFinalizationLifecycleTests.MalformedClaimIsNeverClaimedOrExhaustedAndIsReportedOnce(hash: False, expiry: True, extendedAt: False)" storage="/home/runner/work/mavi/mavi/tests/mavi.integrationtests/bin/release/net10.0/mavi.integrationtests.dll" id="b561bf82-d408-23db-fa35-fc9cd44d88ff">
      <Execution id="36a36d80-1a25-4851-a980-553d4946a2d1" />
      <TestMethod codeBase="/home/runner/work/MAVI/MAVI/tests/Mavi.IntegrationTests/bin/Release/net10.0/Mavi.IntegrationTests.dll" adapterTypeName="executor://xunit/VsTestRunner3/netcore/" className="Mavi.IntegrationTests.VisionFinalizationLifecycleTests" name="MalformedClaimIsNeverClaimedOrExhaustedAndIsReportedOnce" />
    </UnitTest>
    <UnitTest name="Mavi.IntegrationTests.TrackSearchApiTests.InvalidSearchReturnsStableError(path: &quot;/api/tracks?analyticsCoverage=partial&quot;)" storage="/home/runner/work/mavi/mavi/tests/mavi.integrationtests/bin/release/net10.0/mavi.integrationtests.dll" id="425663a0-61c7-cb6b-45e4-ee887afde357">
      <Execution id="a82696d0-3c77-4e9c-b6c6-2174c7d1a62c" />
      <TestMethod codeBase="/home/runner/work/MAVI/MAVI/tests/Mavi.IntegrationTests/bin/Release/net10.0/Mavi.IntegrationTests.dll" adapterTypeName="executor://xunit/VsTestRunner3/netcore/" className="Mavi.IntegrationTests.TrackSearchApiTests" name="InvalidSearchReturnsStableError" />
    </UnitTest>
    <UnitTest name="Mavi.IntegrationTests.WorkerContractV3Tests.V3MembersRejectUnknownNamesAndFractionalIntegers(json: &quot;{\&quot;evidenceAccounting\&quot;:{\&quot;representative\&quot;:{\&quot;can&quot;···)" storage="/home/runner/work/mavi/mavi/tests/mavi.integrationtests/bin/release/net10.0/mavi.integrationtests.dll" id="f8c7ea38-5b66-0c4a-ffa7-c7b9b547e2bc">
      <Execution id="626e7d30-cf40-48f1-bac5-36239b639d29" />
      <TestMethod codeBase="/home/runner/work/MAVI/MAVI/tests/Mavi.IntegrationTests/bin/Release/net10.0/Mavi.IntegrationTests.dll" adapterTypeName="executor://xunit/VsTestRunner3/netcore/" className="Mavi.IntegrationTests.WorkerContractV3Tests" name="V3MembersRejectUnknownNamesAndFractionalIntegers" />
    </UnitTest>
    <UnitTest name="Mavi.IntegrationTests.AnalyticsApiTests.AMalformedQueryIsRefusedWithTheTypedInvalidCode(route: &quot;heatmap&quot;, query: &quot;?fromUtc=2026-09-21T04:00:00Z&amp;toUtc=2026-09-21T07:&quot;···)" storage="/home/runner/work/mavi/mavi/tests/mavi.integrationtests/bin/release/net10.0/mavi.integrationtests.dll" id="bef7db55-088b-5e38-2ad7-c197283d9828">
      <Execution id="a122288b-c4df-433d-b9ec-ef7cf97f2656" />
      <TestMethod codeBase="/home/runner/work/MAVI/MAVI/tests/Mavi.IntegrationTests/bin/Release/net10.0/Mavi.IntegrationTests.dll" adapterTypeName="executor://xunit/VsTestRunner3/netcore/" className="Mavi.IntegrationTests.AnalyticsApiTests" name="AMalformedQueryIsRefusedWithTheTypedInvalidCode" />
    </UnitTest>
    <UnitTest name="Mavi.IntegrationTests.TrackSearchApiTests.InvalidSearchReturnsStableError(path: &quot;/api/tracks?limit=1&amp;limit=2&quot;)" storage="/home/runner/work/mavi/mavi/tests/mavi.integrationtests/bin/release/net10.0/mavi.integrationtests.dll" id="8b7c561c-1300-af35-6233-589536ff9d48">
      <Execution id="15ef0e7e-d766-4a35-933b-a369c3448a3a" />
      <TestMethod codeBase="/home/runner/work/MAVI/MAVI/tests/Mavi.IntegrationTests/bin/Release/net10.0/Mavi.IntegrationTests.dll" adapterTypeName="executor://xunit/VsTestRunner3/netcore/" className="Mavi.IntegrationTests.TrackSearchApiTests" name="InvalidSearchReturnsStableError" />
    </UnitTest>
    <UnitTest name="Mavi.IntegrationTests.AnalyticsApiTests.AMalformedQueryIsRefusedWithTheTypedInvalidCode(route: &quot;aggregates&quot;, query: &quot;?fromUtc=2026-09-21T04:00:00Z&amp;toUtc=2026-09-21T07:&quot;···)" storage="/home/runner/work/mavi/mavi/tests/mavi.integrationtests/bin/release/net10.0/mavi.integrationtests.dll" id="ea522c50-751b-946b-7b92-3d416d27b43a">
      <Execution id="7a9d8270-9470-435a-95eb-635488afe905" />
      <TestMethod codeBase="/home/runner/work/MAVI/MAVI/tests/Mavi.IntegrationTests/bin/Release/net10.0/Mavi.IntegrationTests.dll" adapterTypeName="executor://xunit/VsTestRunner3/netcore/" className="Mavi.IntegrationTests.AnalyticsApiTests" name="AMalformedQueryIsRefusedWithTheTypedInvalidCode" />
    </UnitTest>
    <UnitTest name="Mavi.IntegrationTests.VisionFinalizationLifecycleTests.MalformedClaimIsNeverClaimedOrExhaustedAndIsReportedOnce(hash: True, expiry: False, extendedAt: False)" storage="/home/runner/work/mavi/mavi/tests/mavi.integrationtests/bin/release/net10.0/mavi.integrationtests.dll" id="bd2f1a8d-c63a-9cf6-2e6a-bbc21cc6983e">
      <Execution id="24d6048c-da7f-4b8b-ab5e-d8522ffe690f" />
      <TestMethod codeBase="/home/runner/work/MAVI/MAVI/tests/Mavi.IntegrationTests/bin/Release/net10.0/Mavi.IntegrationTests.dll" adapterTypeName="executor://xunit/VsTestRunner3/netcore/" className="Mavi.IntegrationTests.VisionFinalizationLifecycleTests" name="MalformedClaimIsNeverClaimedOrExhaustedAndIsReportedOnce" />
    </UnitTest>
    <UnitTest name="Mavi.IntegrationTests.WorkerContractV3Tests.CompletionRejectsUnacceptedVersions(version: &quot;3.0&quot;, asynchronousFinalization: True)" storage="/home/runner/work/mavi/mavi/tests/mavi.integrationtests/bin/release/net10.0/mavi.integrationtests.dll" id="9103d75b-5866-3e1e-0636-7f9f6d9e1fb9">
      <Execution id="f2310223-0869-47c8-9aa3-3d1e89c2d9ac" />
      <TestMethod codeBase="/home/runner/work/MAVI/MAVI/tests/Mavi.IntegrationTests/bin/Release/net10.0/Mavi.IntegrationTests.dll" adapterTypeName="executor://xunit/VsTestRunner3/netcore/" className="Mavi.IntegrationTests.WorkerContractV3Tests" name="CompletionRejectsUnacceptedVersions" />
    </UnitTest>
    <UnitTest name="Mavi.IntegrationTests.TrackSearchApiTests.InvalidSearchReturnsStableError(path: &quot;/api/tracks?lineId=0199a1f0-0000-7000-8000-0000000&quot;···)" storage="/home/runner/work/mavi/mavi/tests/mavi.integrationtests/bin/release/net10.0/mavi.integrationtests.dll" id="119cd9df-2b0d-f31f-9e0b-1758c552f4f8">
      <Execution id="9fe18180-360f-4823-ae61-f31314944e0b" />
      <TestMethod codeBase="/home/runner/work/MAVI/MAVI/tests/Mavi.IntegrationTests/bin/Release/net10.0/Mavi.IntegrationTests.dll" adapterTypeName="executor://xunit/VsTestRunner3/netcore/" className="Mavi.IntegrationTests.TrackSearchApiTests" name="InvalidSearchReturnsStableError" />
    </UnitTest>
    <UnitTest name="Mavi.IntegrationTests.TrackSearchApiTests.InvalidSearchReturnsStableError(path: &quot;/api/tracks?zoneId=0199a1f0-0000-7000-8000-0000000&quot;···)" storage="/home/runner/work/mavi/mavi/tests/mavi.integrationtests/bin/release/net10.0/mavi.integrationtests.dll" id="8c091a12-93de-32a9-23de-36c70dd71293">
      <Execution id="14b58fae-0e39-46c6-bc13-7d51d5a650f1" />
      <TestMethod codeBase="/home/runner/work/MAVI/MAVI/tests/Mavi.IntegrationTests/bin/Release/net10.0/Mavi.IntegrationTests.dll" adapterTypeName="executor://xunit/VsTestRunner3/netcore/" className="Mavi.IntegrationTests.TrackSearchApiTests" name="InvalidSearchReturnsStableError" />
    </UnitTest>
    <UnitTest name="Mavi.IntegrationTests.WorkerContractV3Tests.V3MembersRejectUnknownNamesAndFractionalIntegers(json: &quot;{\&quot;schemaVersion\&quot;:\&quot;2.0\&quot;,\&quot;evidenceAccounting\&quot;:&quot;···)" storage="/home/runner/work/mavi/mavi/tests/mavi.integrationtests/bin/release/net10.0/mavi.integrationtests.dll" id="f6da652a-016b-4bb3-0ddd-b7b205e797e5">
      <Execution id="56f4c2e0-90a9-4d66-9c00-1efd480ba518" />
      <TestMethod codeBase="/home/runner/work/MAVI/MAVI/tests/Mavi.IntegrationTests/bin/Release/net10.0/Mavi.IntegrationTests.dll" adapterTypeName="executor://xunit/VsTestRunner3/netcore/" className="Mavi.IntegrationTests.WorkerContractV3Tests" name="V3MembersRejectUnknownNamesAndFractionalIntegers" />
    </UnitTest>
    <UnitTest name="Mavi.IntegrationTests.TrackSearchApiTests.InvalidSearchReturnsStableError(path: &quot;/api/tracks?minimumDurationMs=-1&quot;)" storage="/home/runner/work/mavi/mavi/tests/mavi.integrationtests/bin/release/net10.0/mavi.integrationtests.dll" id="598c80f7-3723-8114-dbbe-318fb0f595d7">
      <Execution id="69f5b95b-9535-4b44-a711-080944e037cc" />
      <TestMethod codeBase="/home/runner/work/MAVI/MAVI/tests/Mavi.IntegrationTests/bin/Release/net10.0/Mavi.IntegrationTests.dll" adapterTypeName="executor://xunit/VsTestRunner3/netcore/" className="Mavi.IntegrationTests.TrackSearchApiTests" name="InvalidSearchReturnsStableError" />
    </UnitTest>
    <UnitTest name="Mavi.IntegrationTests.WorkerContractV3Tests.CompletionRejectsUnacceptedVersions(version: &quot;1.0&quot;, asynchronousFinalization: True)" storage="/home/runner/work/mavi/mavi/tests/mavi.integrationtests/bin/release/net10.0/mavi.integrationtests.dll" id="95a4c0fc-7eb6-3341-3053-9102e405fbee">
      <Execution id="a76389ab-cc0d-48f2-a047-e6631e9bec55" />
      <TestMethod codeBase="/home/runner/work/MAVI/MAVI/tests/Mavi.IntegrationTests/bin/Release/net10.0/Mavi.IntegrationTests.dll" adapterTypeName="executor://xunit/VsTestRunner3/netcore/" className="Mavi.IntegrationTests.WorkerContractV3Tests" name="CompletionRejectsUnacceptedVersions" />
    </UnitTest>
    <UnitTest name="Mavi.IntegrationTests.WorkerContractV3Tests.V3MembersRejectUnknownNamesAndFractionalIntegers(json: &quot;{\&quot;tracks\&quot;:[{\&quot;observations\&quot;:[{\&quot;rank\&quot;:0.5}]}]}&quot;)" storage="/home/runner/work/mavi/mavi/tests/mavi.integrationtests/bin/release/net10.0/mavi.integrationtests.dll" id="26da693b-b0de-1be0-5859-84a10786551d">
      <Execution id="6cbe0a51-351a-40b0-b398-ad16fc2ac113" />
      <TestMethod codeBase="/home/runner/work/MAVI/MAVI/tests/Mavi.IntegrationTests/bin/Release/net10.0/Mavi.IntegrationTests.dll" adapterTypeName="executor://xunit/VsTestRunner3/netcore/" className="Mavi.IntegrationTests.WorkerContractV3Tests" name="V3MembersRejectUnknownNamesAndFractionalIntegers" />
    </UnitTest>
    <UnitTest name="Mavi.IntegrationTests.AnalyticsApiTests.AMalformedQueryIsRefusedWithTheTypedInvalidCode(route: &quot;heatmap&quot;, query: &quot;?fromUtc=2026-09-21T04:00:00Z&amp;toUtc=2026-09-21T07:&quot;···)" storage="/home/runner/work/mavi/mavi/tests/mavi.integrationtests/bin/release/net10.0/mavi.integrationtests.dll" id="d3ef1b31-de96-86e7-c87b-1d5185467df5">
      <Execution id="e1954ba0-98fc-47fe-9c63-eedaf7ef7595" />
      <TestMethod codeBase="/home/runner/work/MAVI/MAVI/tests/Mavi.IntegrationTests/bin/Release/net10.0/Mavi.IntegrationTests.dll" adapterTypeName="executor://xunit/VsTestRunner3/netcore/" className="Mavi.IntegrationTests.AnalyticsApiTests" name="AMalformedQueryIsRefusedWithTheTypedInvalidCode" />
    </UnitTest>
    <UnitTest name="Mavi.IntegrationTests.WorkerContractV3Tests.CompletionRejectsUnacceptedVersions(version: &quot;3.1&quot;, asynchronousFinalization: False)" storage="/home/runner/work/mavi/mavi/tests/mavi.integrationtests/bin/release/net10.0/mavi.integrationtests.dll" id="68b7ca2e-8613-27de-f52f-dbace58e0afe">
      <Execution id="084e322d-6fef-4512-a7f6-c9651963dbe7" />
      <TestMethod codeBase="/home/runner/work/MAVI/MAVI/tests/Mavi.IntegrationTests/bin/Release/net10.0/Mavi.IntegrationTests.dll" adapterTypeName="executor://xunit/VsTestRunner3/netcore/" className="Mavi.IntegrationTests.WorkerContractV3Tests" name="CompletionRejectsUnacceptedVersions" />
    </UnitTest>
    <UnitTest name="Mavi.IntegrationTests.WorkerContractV3Tests.CompletionRejectsUnacceptedVersions(version: &quot;1.0&quot;, asynchronousFinalization: False)" storage="/home/runner/work/mavi/mavi/tests/mavi.integrationtests/bin/release/net10.0/mavi.integrationtests.dll" id="db6fea63-ced1-646a-0c62-87e02cd9caa3">
      <Execution id="95d77848-9431-4112-92d8-7d9634ea7dec" />
      <TestMethod codeBase="/home/runner/work/MAVI/MAVI/tests/Mavi.IntegrationTests/bin/Release/net10.0/Mavi.IntegrationTests.dll" adapterTypeName="executor://xunit/VsTestRunner3/netcore/" className="Mavi.IntegrationTests.WorkerContractV3Tests" name="CompletionRejectsUnacceptedVersions" />
    </UnitTest>
    <UnitTest name="Mavi.IntegrationTests.AnalyticsApiTests.AMalformedQueryIsRefusedWithTheTypedInvalidCode(route: &quot;aggregates&quot;, query: &quot;?fromUtc=2026-09-21T04:00:00Z&amp;toUtc=2026-09-21T07:&quot;···)" storage="/home/runner/work/mavi/mavi/tests/mavi.integrationtests/bin/release/net10.0/mavi.integrationtests.dll" id="d5f6a213-7ca8-8fcb-b585-6393959f6226">
      <Execution id="2a0c0c6e-3894-4642-9dec-f1a3f0e67611" />
      <TestMethod codeBase="/home/runner/work/MAVI/MAVI/tests/Mavi.IntegrationTests/bin/Release/net10.0/Mavi.IntegrationTests.dll" adapterTypeName="executor://xunit/VsTestRunner3/netcore/" className="Mavi.IntegrationTests.AnalyticsApiTests" name="AMalformedQueryIsRefusedWithTheTypedInvalidCode" />
    </UnitTest>
    <UnitTest name="Mavi.IntegrationTests.WorkerContractV3Tests.LeaseHeartbeatAndFailStayOnControlPlaneVersion2" storage="/home/runner/work/mavi/mavi/tests/mavi.integrationtests/bin/release/net10.0/mavi.integrationtests.dll" id="5c06e35c-b22d-d4c1-95a7-60e712ea4844">
      <Execution id="a1504fe7-ea1a-4734-9503-d3fb764a0122" />
      <TestMethod codeBase="/home/runner/work/MAVI/MAVI/tests/Mavi.IntegrationTests/bin/Release/net10.0/Mavi.IntegrationTests.dll" adapterTypeName="executor://xunit/VsTestRunner3/netcore/" className="Mavi.IntegrationTests.WorkerContractV3Tests" name="LeaseHeartbeatAndFailStayOnControlPlaneVersion2" />
    </UnitTest>
    <UnitTest name="Mavi.IntegrationTests.WorkerContractV3Tests.CompletionRejectsUnacceptedVersions(version: &quot;4.0&quot;, asynchronousFinalization: True)" storage="/home/runner/work/mavi/mavi/tests/mavi.integrationtests/bin/release/net10.0/mavi.integrationtests.dll" id="e7fb9e88-6a4e-422e-774e-62768cd7f60d">
      <Execution id="b125800c-8b78-4af9-a6bc-85b93d0238ce" />
      <TestMethod codeBase="/home/runner/work/MAVI/MAVI/tests/Mavi.IntegrationTests/bin/Release/net10.0/Mavi.IntegrationTests.dll" adapterTypeName="executor://xunit/VsTestRunner3/netcore/" className="Mavi.IntegrationTests.WorkerContractV3Tests" name="CompletionRejectsUnacceptedVersions" />
    </UnitTest>
    <UnitTest name="Mavi.IntegrationTests.TrackSearchApiTests.InvalidSearchReturnsStableError(path: &quot;/api/tracks?unknownFilter=value&quot;)" storage="/home/runner/work/mavi/mavi/tests/mavi.integrationtests/bin/release/net10.0/mavi.integrationtests.dll" id="73c5572d-dd01-8915-b0bb-0baafdc97e91">
      <Execution id="818be0cf-bc3c-4630-b26d-56dc5a54ea64" />
      <TestMethod codeBase="/home/runner/work/MAVI/MAVI/tests/Mavi.IntegrationTests/bin/Release/net10.0/Mavi.IntegrationTests.dll" adapterTypeName="executor://xunit/VsTestRunner3/netcore/" className="Mavi.IntegrationTests.TrackSearchApiTests" name="InvalidSearchReturnsStableError" />
    </UnitTest>
    <UnitTest name="Mavi.IntegrationTests.AnalyticsApiTests.AMalformedQueryIsRefusedWithTheTypedInvalidCode(route: &quot;aggregates&quot;, query: &quot;?fromUtc=2026-09-21T04:00:00&amp;toUtc=2026-09-21T07:0&quot;···)" storage="/home/runner/work/mavi/mavi/tests/mavi.integrationtests/bin/release/net10.0/mavi.integrationtests.dll" id="4f08d93d-5230-6b25-905d-66feb0f5c312">
      <Execution id="28da400d-2e19-4032-8f7e-bd1fdbb41145" />
      <TestMethod codeBase="/home/runner/work/MAVI/MAVI/tests/Mavi.IntegrationTests/bin/Release/net10.0/Mavi.IntegrationTests.dll" adapterTypeName="executor://xunit/VsTestRunner3/netcore/" className="Mavi.IntegrationTests.AnalyticsApiTests" name="AMalformedQueryIsRefusedWithTheTypedInvalidCode" />
    </UnitTest>
    <UnitTest name="Mavi.IntegrationTests.WorkerContractV3Tests.CompletionBodyAboveFortyEightMebibytesIsRejectedBeforeBinding" storage="/home/runner/work/mavi/mavi/tests/mavi.integrationtests/bin/release/net10.0/mavi.integrationtests.dll" id="2b273fd4-da9d-ec7b-b93c-ed988535e239">
      <Execution id="b2bae2e0-16c7-42f9-ba33-2cee023a837e" />
      <TestMethod codeBase="/home/runner/work/MAVI/MAVI/tests/Mavi.IntegrationTests/bin/Release/net10.0/Mavi.IntegrationTests.dll" adapterTypeName="executor://xunit/VsTestRunner3/netcore/" className="Mavi.IntegrationTests.WorkerContractV3Tests" name="CompletionBodyAboveFortyEightMebibytesIsRejectedBeforeBinding" />
    </UnitTest>
    <UnitTest name="Mavi.IntegrationTests.VisionFinalizationLifecycleTests.MalformedClaimIsNeverClaimedOrExhaustedAndIsReportedOnce(hash: True, expiry: True, extendedAt: False)" storage="/home/runner/work/mavi/mavi/tests/mavi.integrationtests/bin/release/net10.0/mavi.integrationtests.dll" id="19e5a819-446e-64cc-2ef4-4b8687e04dab">
      <Execution id="ab6c861c-3b8a-48f1-a520-f0a608f9ad58" />
      <TestMethod codeBase="/home/runner/work/MAVI/MAVI/tests/Mavi.IntegrationTests/bin/Release/net10.0/Mavi.IntegrationTests.dll" adapterTypeName="executor://xunit/VsTestRunner3/netcore/" className="Mavi.IntegrationTests.VisionFinalizationLifecycleTests" name="MalformedClaimIsNeverClaimedOrExhaustedAndIsReportedOnce" />
    </UnitTest>
    <UnitTest name="Mavi.IntegrationTests.WorkerContractV3Tests.ObservationCollectionIsBoundedDuringJsonBinding" storage="/home/runner/work/mavi/mavi/tests/mavi.integrationtests/bin/release/net10.0/mavi.integrationtests.dll" id="80b7bbe4-ca7f-06ec-3313-d1b6a28fa956">
      <Execution id="5eece950-036c-4051-9f43-49a624c057d9" />
      <TestMethod codeBase="/home/runner/work/MAVI/MAVI/tests/Mavi.IntegrationTests/bin/Release/net10.0/Mavi.IntegrationTests.dll" adapterTypeName="executor://xunit/VsTestRunner3/netcore/" className="Mavi.IntegrationTests.WorkerContractV3Tests" name="ObservationCollectionIsBoundedDuringJsonBinding" />
    </UnitTest>
    <UnitTest name="Mavi.IntegrationTests.TrackSearchApiTests.InvalidSearchReturnsStableError(path: &quot;/api/tracks?minimumConfidence=1.1&quot;)" storage="/home/runner/work/mavi/mavi/tests/mavi.integrationtests/bin/release/net10.0/mavi.integrationtests.dll" id="20cd1195-dd53-b600-3cce-059477a71171">
      <Execution id="0b00b505-7e8a-4df4-b28b-9a0925fd986e" />
      <TestMethod codeBase="/home/runner/work/MAVI/MAVI/tests/Mavi.IntegrationTests/bin/Release/net10.0/Mavi.IntegrationTests.dll" adapterTypeName="executor://xunit/VsTestRunner3/netcore/" className="Mavi.IntegrationTests.TrackSearchApiTests" name="InvalidSearchReturnsStableError" />
    </UnitTest>
    <UnitTest name="Mavi.IntegrationTests.TrackSearchApiTests.InvalidSearchReturnsStableError(path: &quot;/api/tracks?zoneId=0199a1f0-0000-7000-8000-0000000&quot;···)" storage="/home/runner/work/mavi/mavi/tests/mavi.integrationtests/bin/release/net10.0/mavi.integrationtests.dll" id="cf9aa256-c7eb-275e-4f5d-fbd4df1feb67">
      <Execution id="9fd4371b-c0fa-4ce2-90ba-28524c4fd775" />
      <TestMethod codeBase="/home/runner/work/MAVI/MAVI/tests/Mavi.IntegrationTests/bin/Release/net10.0/Mavi.IntegrationTests.dll" adapterTypeName="executor://xunit/VsTestRunner3/netcore/" className="Mavi.IntegrationTests.TrackSearchApiTests" name="InvalidSearchReturnsStableError" />
    </UnitTest>
    <UnitTest name="Mavi.IntegrationTests.VisionFinalizationLifecycleTests.MalformedClaimIsNeverClaimedOrExhaustedAndIsReportedOnce(hash: False, expiry: False, extendedAt: True)" storage="/home/runner/work/mavi/mavi/tests/mavi.integrationtests/bin/release/net10.0/mavi.integrationtests.dll" id="383e02e8-85de-d419-a169-75b1d787e883">
      <Execution id="77ae491c-ecb7-4dac-a047-f4cb3ac2ab58" />
      <TestMethod codeBase="/home/runner/work/MAVI/MAVI/tests/Mavi.IntegrationTests/bin/Release/net10.0/Mavi.IntegrationTests.dll" adapterTypeName="executor://xunit/VsTestRunner3/netcore/" className="Mavi.IntegrationTests.VisionFinalizationLifecycleTests" name="MalformedClaimIsNeverClaimedOrExhaustedAndIsReportedOnce" />
    </UnitTest>
    <UnitTest name="Mavi.IntegrationTests.AnalyticsApiTests.AMalformedQueryIsRefusedWithTheTypedInvalidCode(route: &quot;aggregates&quot;, query: &quot;?fromUtc=2026-09-21T04:00:00Z&amp;toUtc=2026-09-21T07:&quot;···)" storage="/home/runner/work/mavi/mavi/tests/mavi.integrationtests/bin/release/net10.0/mavi.integrationtests.dll" id="20a99dce-c8d1-d859-5018-dff1c529ea29">
      <Execution id="ae09fb25-2fbd-4fe0-8c48-0c683bb07698" />
      <TestMethod codeBase="/home/runner/work/MAVI/MAVI/tests/Mavi.IntegrationTests/bin/Release/net10.0/Mavi.IntegrationTests.dll" adapterTypeName="executor://xunit/VsTestRunner3/netcore/" className="Mavi.IntegrationTests.AnalyticsApiTests" name="AMalformedQueryIsRefusedWithTheTypedInvalidCode" />
    </UnitTest>
    <UnitTest name="Mavi.IntegrationTests.TrackSearchApiTests.InvalidSearchReturnsStableError(path: &quot;/api/tracks?sceneRevisionId=0199a1f0-0000-7000-800&quot;···)" storage="/home/runner/work/mavi/mavi/tests/mavi.integrationtests/bin/release/net10.0/mavi.integrationtests.dll" id="4fa2e891-a82e-6c11-67b6-084ca29b9407">
      <Execution id="e0c749cd-2462-489a-8e7d-42e2f30978f1" />
      <TestMethod codeBase="/home/runner/work/MAVI/MAVI/tests/Mavi.IntegrationTests/bin/Release/net10.0/Mavi.IntegrationTests.dll" adapterTypeName="executor://xunit/VsTestRunner3/netcore/" className="Mavi.IntegrationTests.TrackSearchApiTests" name="InvalidSearchReturnsStableError" />
    </UnitTest>
    <UnitTest name="Mavi.IntegrationTests.AnalyticsApiTests.AMalformedQueryIsRefusedWithTheTypedInvalidCode(route: &quot;heatmap&quot;, query: &quot;?fromUtc=2026-09-21T04:00:00Z&amp;toUtc=2026-09-21T07:&quot;···)" storage="/home/runner/work/mavi/mavi/tests/mavi.integrationtests/bin/release/net10.0/mavi.integrationtests.dll" id="4ad6a326-4807-049e-4b41-38a37ee29d56">
      <Execution id="99611e03-084c-4d63-8d07-4e4f9f90edb8" />
      <TestMethod codeBase="/home/runner/work/MAVI/MAVI/tests/Mavi.IntegrationTests/bin/Release/net10.0/Mavi.IntegrationTests.dll" adapterTypeName="executor://xunit/VsTestRunner3/netcore/" className="Mavi.IntegrationTests.AnalyticsApiTests" name="AMalformedQueryIsRefusedWithTheTypedInvalidCode" />
    </UnitTest>
    <UnitTest name="Mavi.IntegrationTests.TrackSearchApiTests.InvalidSearchReturnsStableError(path: &quot;/api/tracks?objectClass=0&quot;)" storage="/home/runner/work/mavi/mavi/tests/mavi.integrationtests/bin/release/net10.0/mavi.integrationtests.dll" id="b36cec68-5dae-e0c0-2e47-6d2311043191">
      <Execution id="b95dc317-30e4-4ac2-8b15-a361cc209bed" />
      <TestMethod codeBase="/home/runner/work/MAVI/MAVI/tests/Mavi.IntegrationTests/bin/Release/net10.0/Mavi.IntegrationTests.dll" adapterTypeName="executor://xunit/VsTestRunner3/netcore/" className="Mavi.IntegrationTests.TrackSearchApiTests" name="InvalidSearchReturnsStableError" />
    </UnitTest>
    <UnitTest name="Mavi.IntegrationTests.AnalyticsApiTests.AMalformedQueryIsRefusedWithTheTypedInvalidCode(route: &quot;heatmap&quot;, query: &quot;?fromUtc=2026-09-21T04:00:00Z&amp;toUtc=2026-09-21T07:&quot;···)" storage="/home/runner/work/mavi/mavi/tests/mavi.integrationtests/bin/release/net10.0/mavi.integrationtests.dll" id="f622b75f-e339-d5d5-d2eb-add378c0bd5b">
      <Execution id="c75bf08f-269e-43b8-87eb-609d21662ce4" />
      <TestMethod codeBase="/home/runner/work/MAVI/MAVI/tests/Mavi.IntegrationTests/bin/Release/net10.0/Mavi.IntegrationTests.dll" adapterTypeName="executor://xunit/VsTestRunner3/netcore/" className="Mavi.IntegrationTests.AnalyticsApiTests" name="AMalformedQueryIsRefusedWithTheTypedInvalidCode" />
    </UnitTest>
    <UnitTest name="Mavi.IntegrationTests.TrackSearchApiTests.InvalidSearchReturnsStableError(path: &quot;/api/tracks?loitering=false&quot;)" storage="/home/runner/work/mavi/mavi/tests/mavi.integrationtests/bin/release/net10.0/mavi.integrationtests.dll" id="540e6300-4482-cd09-2673-f5009386bef6">
      <Execution id="8d8ec8a8-528c-480f-9373-8b20228146e3" />
      <TestMethod codeBase="/home/runner/work/MAVI/MAVI/tests/Mavi.IntegrationTests/bin/Release/net10.0/Mavi.IntegrationTests.dll" adapterTypeName="executor://xunit/VsTestRunner3/netcore/" className="Mavi.IntegrationTests.TrackSearchApiTests" name="InvalidSearchReturnsStableError" />
    </UnitTest>
    <UnitTest name="Mavi.IntegrationTests.AnalyticsApiTests.AMalformedQueryIsRefusedWithTheTypedInvalidCode(route: &quot;aggregates&quot;, query: &quot;?fromUtc=2026-09-21T04:00:00Z&amp;toUtc=2026-09-21T07:&quot;···)" storage="/home/runner/work/mavi/mavi/tests/mavi.integrationtests/bin/release/net10.0/mavi.integrationtests.dll" id="6ea2ef7f-aec1-2b47-2c46-ac7862a69736">
      <Execution id="644b6968-10af-4ecb-a36f-5541fb1a5346" />
      <TestMethod codeBase="/home/runner/work/MAVI/MAVI/tests/Mavi.IntegrationTests/bin/Release/net10.0/Mavi.IntegrationTests.dll" adapterTypeName="executor://xunit/VsTestRunner3/netcore/" className="Mavi.IntegrationTests.AnalyticsApiTests" name="AMalformedQueryIsRefusedWithTheTypedInvalidCode" />
    </UnitTest>
    <UnitTest name="Mavi.IntegrationTests.WorkerContractV3Tests.CompletionRejectsUnacceptedVersions(version: &quot;4.0&quot;, asynchronousFinalization: False)" storage="/home/runner/work/mavi/mavi/tests/mavi.integrationtests/bin/release/net10.0/mavi.integrationtests.dll" id="0dca71de-61c5-369d-1843-d6bc57aa8182">
      <Execution id="e8825380-ebad-44a3-b488-e6ae70dbcd5e" />
      <TestMethod codeBase="/home/runner/work/MAVI/MAVI/tests/Mavi.IntegrationTests/bin/Release/net10.0/Mavi.IntegrationTests.dll" adapterTypeName="executor://xunit/VsTestRunner3/netcore/" className="Mavi.IntegrationTests.WorkerContractV3Tests" name="CompletionRejectsUnacceptedVersions" />
    </UnitTest>
    <UnitTest name="Mavi.IntegrationTests.TrackSearchApiTests.InvalidSearchReturnsStableError(path: &quot;/api/tracks?fromUtc=2026-09-13T10:00:00%2B05:30&quot;)" storage="/home/runner/work/mavi/mavi/tests/mavi.integrationtests/bin/release/net10.0/mavi.integrationtests.dll" id="093ccc3a-39d3-fc3e-2a1e-4f7d2fe08708">
      <Execution id="6e9ddb98-3e4f-4b3e-8bf5-eee38d905323" />
      <TestMethod codeBase="/home/runner/work/MAVI/MAVI/tests/Mavi.IntegrationTests/bin/Release/net10.0/Mavi.IntegrationTests.dll" adapterTypeName="executor://xunit/VsTestRunner3/netcore/" className="Mavi.IntegrationTests.TrackSearchApiTests" name="InvalidSearchReturnsStableError" />
    </UnitTest>
    <UnitTest name="Mavi.IntegrationTests.TrackSearchApiTests.InvalidSearchReturnsStableError(path: &quot;/api/tracks?cursor=***&quot;)" storage="/home/runner/work/mavi/mavi/tests/mavi.integrationtests/bin/release/net10.0/mavi.integrationtests.dll" id="024067f6-0de9-d1b7-0dbc-1edcef73aa22">
      <Execution id="8c4bc115-fa5f-4e5a-a692-4f90b7c312e4" />
      <TestMethod codeBase="/home/runner/work/MAVI/MAVI/tests/Mavi.IntegrationTests/bin/Release/net10.0/Mavi.IntegrationTests.dll" adapterTypeName="executor://xunit/VsTestRunner3/netcore/" className="Mavi.IntegrationTests.TrackSearchApiTests" name="InvalidSearchReturnsStableError" />
    </UnitTest>
    <UnitTest name="Mavi.IntegrationTests.TrackSearchApiTests.InvalidSearchReturnsStableError(path: &quot;/api/tracks?limit=0&quot;)" storage="/home/runner/work/mavi/mavi/tests/mavi.integrationtests/bin/release/net10.0/mavi.integrationtests.dll" id="fbc755cc-bcaf-96c6-8918-92264e1b0da9">
      <Execution id="bd8ff47c-d33f-49b4-a7d2-ad5083a1005e" />
      <TestMethod codeBase="/home/runner/work/MAVI/MAVI/tests/Mavi.IntegrationTests/bin/Release/net10.0/Mavi.IntegrationTests.dll" adapterTypeName="executor://xunit/VsTestRunner3/netcore/" className="Mavi.IntegrationTests.TrackSearchApiTests" name="InvalidSearchReturnsStableError" />
    </UnitTest>
    <UnitTest name="Mavi.IntegrationTests.AnalyticsApiTests.AMalformedQueryIsRefusedWithTheTypedInvalidCode(route: &quot;heatmap&quot;, query: &quot;?fromUtc=2026-09-21T04:00:00Z&amp;toUtc=2026-09-21T07:&quot;···)" storage="/home/runner/work/mavi/mavi/tests/mavi.integrationtests/bin/release/net10.0/mavi.integrationtests.dll" id="5287fb50-50cc-f34f-4077-a03bf5e63add">
      <Execution id="2c927a5b-52e8-40cf-90cf-ae01dda6e0e0" />
      <TestMethod codeBase="/home/runner/work/MAVI/MAVI/tests/Mavi.IntegrationTests/bin/Release/net10.0/Mavi.IntegrationTests.dll" adapterTypeName="executor://xunit/VsTestRunner3/netcore/" className="Mavi.IntegrationTests.AnalyticsApiTests" name="AMalformedQueryIsRefusedWithTheTypedInvalidCode" />
    </UnitTest>
    <UnitTest name="Mavi.IntegrationTests.AnalyticsApiTests.AMalformedQueryIsRefusedWithTheTypedInvalidCode(route: &quot;aggregates&quot;, query: &quot;?fromUtc=2026-09-21T04:00:00Z&amp;fromUtc=2026-09-21T0&quot;···)" storage="/home/runner/work/mavi/mavi/tests/mavi.integrationtests/bin/release/net10.0/mavi.integrationtests.dll" id="a7bc0bd7-6722-e57f-a2e4-4d87c89f27ab">
      <Execution id="aab90cad-fcc6-4a37-95d2-f066637ea557" />
      <TestMethod codeBase="/home/runner/work/MAVI/MAVI/tests/Mavi.IntegrationTests/bin/Release/net10.0/Mavi.IntegrationTests.dll" adapterTypeName="executor://xunit/VsTestRunner3/netcore/" className="Mavi.IntegrationTests.AnalyticsApiTests" name="AMalformedQueryIsRefusedWithTheTypedInvalidCode" />
    </UnitTest>
  </TestDefinitions>
  <TestEntries>
    <TestEntry testId="3b9d5331-06ed-29a6-cd82-b2bc0198546c" executionId="aaf94e0e-fc00-41b9-8a2f-24db65c85eba" testListId="8c84fa94-04c1-424b-9868-57a2d4851a1d" />
    <TestEntry testId="bef7db55-088b-5e38-2ad7-c197283d9828" executionId="a122288b-c4df-433d-b9ec-ef7cf97f2656" testListId="8c84fa94-04c1-424b-9868-57a2d4851a1d" />
    <TestEntry testId="72ae8ff4-4351-e3be-d276-5dce1f4d665c" executionId="afc3eb1b-ed66-4cde-a749-e120bb328402" testListId="8c84fa94-04c1-424b-9868-57a2d4851a1d" />
    <TestEntry testId="e7fb9e88-6a4e-422e-774e-62768cd7f60d" executionId="b125800c-8b78-4af9-a6bc-85b93d0238ce" testListId="8c84fa94-04c1-424b-9868-57a2d4851a1d" />
    <TestEntry testId="fbc755cc-bcaf-96c6-8918-92264e1b0da9" executionId="bd8ff47c-d33f-49b4-a7d2-ad5083a1005e" testListId="8c84fa94-04c1-424b-9868-57a2d4851a1d" />
    <TestEntry testId="d5f6a213-7ca8-8fcb-b585-6393959f6226" executionId="2a0c0c6e-3894-4642-9dec-f1a3f0e67611" testListId="8c84fa94-04c1-424b-9868-57a2d4851a1d" />
    <TestEntry testId="b93f7d1c-1938-90cb-c409-b2415636e776" executionId="2854ad38-f1f3-43f7-955d-9908123ad111" testListId="8c84fa94-04c1-424b-9868-57a2d4851a1d" />
    <TestEntry testId="425663a0-61c7-cb6b-45e4-ee887afde357" executionId="a82696d0-3c77-4e9c-b6c6-2174c7d1a62c" testListId="8c84fa94-04c1-424b-9868-57a2d4851a1d" />
    <TestEntry testId="eabf2a4f-e2d4-5d15-439d-64da0c48e40f" executionId="6dc25e98-379a-40bf-8dce-f5da7d71d4ed" testListId="8c84fa94-04c1-424b-9868-57a2d4851a1d" />
    <TestEntry testId="95a4c0fc-7eb6-3341-3053-9102e405fbee" executionId="a76389ab-cc0d-48f2-a047-e6631e9bec55" testListId="8c84fa94-04c1-424b-9868-57a2d4851a1d" />
    <TestEntry testId="bd2f1a8d-c63a-9cf6-2e6a-bbc21cc6983e" executionId="24d6048c-da7f-4b8b-ab5e-d8522ffe690f" testListId="8c84fa94-04c1-424b-9868-57a2d4851a1d" />
    <TestEntry testId="f617156b-0c61-6dd3-40eb-9ce71740bb66" executionId="1d152f5a-4ccf-4fe3-b9a6-2a774cb0efe4" testListId="8c84fa94-04c1-424b-9868-57a2d4851a1d" />
    <TestEntry testId="b561bf82-d408-23db-fa35-fc9cd44d88ff" executionId="36a36d80-1a25-4851-a980-553d4946a2d1" testListId="8c84fa94-04c1-424b-9868-57a2d4851a1d" />
    <TestEntry testId="73c5572d-dd01-8915-b0bb-0baafdc97e91" executionId="818be0cf-bc3c-4630-b26d-56dc5a54ea64" testListId="8c84fa94-04c1-424b-9868-57a2d4851a1d" />
    <TestEntry testId="ea522c50-751b-946b-7b92-3d416d27b43a" executionId="7a9d8270-9470-435a-95eb-635488afe905" testListId="8c84fa94-04c1-424b-9868-57a2d4851a1d" />
    <TestEntry testId="3cee37b4-98a6-2d07-276e-8369aa2f5cdd" executionId="77572e3b-681f-4fb6-8107-c0a3b7f69067" testListId="8c84fa94-04c1-424b-9868-57a2d4851a1d" />
    <TestEntry testId="550f8763-6216-347f-643c-2485ca5fdef2" executionId="322635cf-b287-43d8-8a02-bdbb755334c9" testListId="8c84fa94-04c1-424b-9868-57a2d4851a1d" />
    <TestEntry testId="b24c2421-3c26-8863-dc17-1a22c4064a10" executionId="4f078402-5f6b-4081-81c6-82b28d495566" testListId="8c84fa94-04c1-424b-9868-57a2d4851a1d" />
    <TestEntry testId="c39099d9-93bc-05e8-65db-6f32a3bf80e4" executionId="a86e6383-ea4f-447a-80b4-49009a5d176d" testListId="8c84fa94-04c1-424b-9868-57a2d4851a1d" />
    <TestEntry testId="024067f6-0de9-d1b7-0dbc-1edcef73aa22" executionId="8c4bc115-fa5f-4e5a-a692-4f90b7c312e4" testListId="8c84fa94-04c1-424b-9868-57a2d4851a1d" />
    <TestEntry testId="26da693b-b0de-1be0-5859-84a10786551d" executionId="6cbe0a51-351a-40b0-b398-ad16fc2ac113" testListId="8c84fa94-04c1-424b-9868-57a2d4851a1d" />
    <TestEntry testId="540e6300-4482-cd09-2673-f5009386bef6" executionId="8d8ec8a8-528c-480f-9373-8b20228146e3" testListId="8c84fa94-04c1-424b-9868-57a2d4851a1d" />
    <TestEntry testId="a7bc0bd7-6722-e57f-a2e4-4d87c89f27ab" executionId="aab90cad-fcc6-4a37-95d2-f066637ea557" testListId="8c84fa94-04c1-424b-9868-57a2d4851a1d" />
    <TestEntry testId="b36cec68-5dae-e0c0-2e47-6d2311043191" executionId="b95dc317-30e4-4ac2-8b15-a361cc209bed" testListId="8c84fa94-04c1-424b-9868-57a2d4851a1d" />
    <TestEntry testId="2b273fd4-da9d-ec7b-b93c-ed988535e239" executionId="b2bae2e0-16c7-42f9-ba33-2cee023a837e" testListId="8c84fa94-04c1-424b-9868-57a2d4851a1d" />
    <TestEntry testId="4f08d93d-5230-6b25-905d-66feb0f5c312" executionId="28da400d-2e19-4032-8f7e-bd1fdbb41145" testListId="8c84fa94-04c1-424b-9868-57a2d4851a1d" />
    <TestEntry testId="609b098c-803f-6f08-6b0c-b01571318b01" executionId="88dcba2e-7c22-4470-a2fa-68083dc246c9" testListId="8c84fa94-04c1-424b-9868-57a2d4851a1d" />
    <TestEntry testId="0dca71de-61c5-369d-1843-d6bc57aa8182" executionId="e8825380-ebad-44a3-b488-e6ae70dbcd5e" testListId="8c84fa94-04c1-424b-9868-57a2d4851a1d" />
    <TestEntry testId="3723f026-972c-6400-0b29-b53dbfad331e" executionId="661eb598-f061-4c4c-a41e-177777399f37" testListId="8c84fa94-04c1-424b-9868-57a2d4851a1d" />
    <TestEntry testId="40914ac0-38ae-ddc5-4cba-0941e1dd344b" executionId="7ab8bac6-7be9-4562-92b5-37d7dccde19a" testListId="8c84fa94-04c1-424b-9868-57a2d4851a1d" />
    <TestEntry testId="8b7c561c-1300-af35-6233-589536ff9d48" executionId="15ef0e7e-d766-4a35-933b-a369c3448a3a" testListId="8c84fa94-04c1-424b-9868-57a2d4851a1d" />
    <TestEntry testId="db6fea63-ced1-646a-0c62-87e02cd9caa3" executionId="95d77848-9431-4112-92d8-7d9634ea7dec" testListId="8c84fa94-04c1-424b-9868-57a2d4851a1d" />
    <TestEntry testId="8c091a12-93de-32a9-23de-36c70dd71293" executionId="14b58fae-0e39-46c6-bc13-7d51d5a650f1" testListId="8c84fa94-04c1-424b-9868-57a2d4851a1d" />
    <TestEntry testId="6ea2ef7f-aec1-2b47-2c46-ac7862a69736" executionId="644b6968-10af-4ecb-a36f-5541fb1a5346" testListId="8c84fa94-04c1-424b-9868-57a2d4851a1d" />
    <TestEntry testId="a52dab02-c32d-4517-23e9-cb6ca2c4c033" executionId="9f13cc3e-333a-4a4e-922e-997d3eb73dbc" testListId="8c84fa94-04c1-424b-9868-57a2d4851a1d" />
    <TestEntry testId="44d2852b-dbd9-e583-be9c-6904fbdf9569" executionId="455c395f-08b8-4edd-83ec-8a6d7bfc992a" testListId="8c84fa94-04c1-424b-9868-57a2d4851a1d" />
    <TestEntry testId="68b7ca2e-8613-27de-f52f-dbace58e0afe" executionId="084e322d-6fef-4512-a7f6-c9651963dbe7" testListId="8c84fa94-04c1-424b-9868-57a2d4851a1d" />
    <TestEntry testId="80b7bbe4-ca7f-06ec-3313-d1b6a28fa956" executionId="5eece950-036c-4051-9f43-49a624c057d9" testListId="8c84fa94-04c1-424b-9868-57a2d4851a1d" />
    <TestEntry testId="f622b75f-e339-d5d5-d2eb-add378c0bd5b" executionId="c75bf08f-269e-43b8-87eb-609d21662ce4" testListId="8c84fa94-04c1-424b-9868-57a2d4851a1d" />
    <TestEntry testId="5c06e35c-b22d-d4c1-95a7-60e712ea4844" executionId="a1504fe7-ea1a-4734-9503-d3fb764a0122" testListId="8c84fa94-04c1-424b-9868-57a2d4851a1d" />
    <TestEntry testId="d1ac775f-9c1a-8697-394b-e43ec4c12400" executionId="c729a7fb-8ed8-4412-a1de-32c63b57ae63" testListId="8c84fa94-04c1-424b-9868-57a2d4851a1d" />
    <TestEntry testId="838b44f3-09a0-b57f-c7fa-7fe0b786de12" executionId="ab5b3858-8164-4f01-bffa-97cb5482d0a9" testListId="8c84fa94-04c1-424b-9868-57a2d4851a1d" />
    <TestEntry testId="bd241a78-cfbd-3db9-40b0-0262e9909925" executionId="e7923b73-2010-4a23-8179-bd7dedc1bc5c" testListId="8c84fa94-04c1-424b-9868-57a2d4851a1d" />
    <TestEntry testId="4fa2e891-a82e-6c11-67b6-084ca29b9407" executionId="e0c749cd-2462-489a-8e7d-42e2f30978f1" testListId="8c84fa94-04c1-424b-9868-57a2d4851a1d" />
    <TestEntry testId="119cd9df-2b0d-f31f-9e0b-1758c552f4f8" executionId="9fe18180-360f-4823-ae61-f31314944e0b" testListId="8c84fa94-04c1-424b-9868-57a2d4851a1d" />
    <TestEntry testId="4ad6a326-4807-049e-4b41-38a37ee29d56" executionId="99611e03-084c-4d63-8d07-4e4f9f90edb8" testListId="8c84fa94-04c1-424b-9868-57a2d4851a1d" />
    <TestEntry testId="20cd1195-dd53-b600-3cce-059477a71171" executionId="0b00b505-7e8a-4df4-b28b-9a0925fd986e" testListId="8c84fa94-04c1-424b-9868-57a2d4851a1d" />
    <TestEntry testId="383e02e8-85de-d419-a169-75b1d787e883" executionId="77ae491c-ecb7-4dac-a047-f4cb3ac2ab58" testListId="8c84fa94-04c1-424b-9868-57a2d4851a1d" />
    <TestEntry testId="ae560d87-437c-96fc-831c-b17d9c5b627c" executionId="8f77c7bf-818b-4dec-b043-549c782ca932" testListId="8c84fa94-04c1-424b-9868-57a2d4851a1d" />
    <TestEntry testId="5287fb50-50cc-f34f-4077-a03bf5e63add" executionId="2c927a5b-52e8-40cf-90cf-ae01dda6e0e0" testListId="8c84fa94-04c1-424b-9868-57a2d4851a1d" />
    <TestEntry testId="093ccc3a-39d3-fc3e-2a1e-4f7d2fe08708" executionId="6e9ddb98-3e4f-4b3e-8bf5-eee38d905323" testListId="8c84fa94-04c1-424b-9868-57a2d4851a1d" />
    <TestEntry testId="f6da652a-016b-4bb3-0ddd-b7b205e797e5" executionId="56f4c2e0-90a9-4d66-9c00-1efd480ba518" testListId="8c84fa94-04c1-424b-9868-57a2d4851a1d" />
    <TestEntry testId="19e5a819-446e-64cc-2ef4-4b8687e04dab" executionId="ab6c861c-3b8a-48f1-a520-f0a608f9ad58" testListId="8c84fa94-04c1-424b-9868-57a2d4851a1d" />
    <TestEntry testId="1b88ed42-7e66-fe0f-48dd-eeb685d7ce28" executionId="e48efe5b-ce48-4b54-a033-9a14735ddc4a" testListId="8c84fa94-04c1-424b-9868-57a2d4851a1d" />
    <TestEntry testId="7f5b38fd-54c0-97e5-bb57-08f281da2ad0" executionId="a8317b50-fa1c-425d-aa62-1794f1e0ec87" testListId="8c84fa94-04c1-424b-9868-57a2d4851a1d" />
    <TestEntry testId="68efcc9b-634d-71db-0fd0-f3da230171ed" executionId="1bf4194a-7a35-4f1b-925d-268cec1ab8ae" testListId="8c84fa94-04c1-424b-9868-57a2d4851a1d" />
    <TestEntry testId="f8c7ea38-5b66-0c4a-ffa7-c7b9b547e2bc" executionId="626e7d30-cf40-48f1-bac5-36239b639d29" testListId="8c84fa94-04c1-424b-9868-57a2d4851a1d" />
    <TestEntry testId="20a99dce-c8d1-d859-5018-dff1c529ea29" executionId="ae09fb25-2fbd-4fe0-8c48-0c683bb07698" testListId="8c84fa94-04c1-424b-9868-57a2d4851a1d" />
    <TestEntry testId="f97604d5-245f-34a2-d495-d3b9c84fad9e" executionId="a6850167-bf78-4d7a-a2f8-b71c5350b5af" testListId="8c84fa94-04c1-424b-9868-57a2d4851a1d" />
    <TestEntry testId="68f8b3c2-3776-89b6-d22d-78812cb99f64" executionId="13f97fac-81c8-465c-b2a1-44518d408269" testListId="8c84fa94-04c1-424b-9868-57a2d4851a1d" />
    <TestEntry testId="9d5ce578-1fdf-27dc-566a-9a9b212a772f" executionId="4960c7bd-d192-4c92-84bc-4c178583b4cc" testListId="8c84fa94-04c1-424b-9868-57a2d4851a1d" />
    <TestEntry testId="cf9aa256-c7eb-275e-4f5d-fbd4df1feb67" executionId="9fd4371b-c0fa-4ce2-90ba-28524c4fd775" testListId="8c84fa94-04c1-424b-9868-57a2d4851a1d" />
    <TestEntry testId="9103d75b-5866-3e1e-0636-7f9f6d9e1fb9" executionId="f2310223-0869-47c8-9aa3-3d1e89c2d9ac" testListId="8c84fa94-04c1-424b-9868-57a2d4851a1d" />
    <TestEntry testId="d3ef1b31-de96-86e7-c87b-1d5185467df5" executionId="e1954ba0-98fc-47fe-9c63-eedaf7ef7595" testListId="8c84fa94-04c1-424b-9868-57a2d4851a1d" />
    <TestEntry testId="598c80f7-3723-8114-dbbe-318fb0f595d7" executionId="69f5b95b-9535-4b44-a711-080944e037cc" testListId="8c84fa94-04c1-424b-9868-57a2d4851a1d" />
  </TestEntries>
  <TestLists>
    <TestList name="Results Not in a List" id="8c84fa94-04c1-424b-9868-57a2d4851a1d" />
    <TestList name="All Loaded Results" id="19431567-8539-422a-85d7-44ee4e166bda" />
  </TestLists>
  <ResultSummary outcome="Completed">
    <Counters total="921" executed="918" passed="918" failed="0" error="0" timeout="0" aborted="0" inconclusive="0" passedButRunAborted="0" notRunnable="0" notExecuted="0" disconnected="0" warning="0" completed="0" inProgress="0" pending="0" />
    <RunInfos>
      <RunInfo computerName="runnervmtr4k5" outcome="Warning" timestamp="2026-09-26T01:41:03.7563819+00:00">
        <Text>[xUnit.net 00:00:07.31]     Mavi.IntegrationTests.Qualification.S1HandOffScaleTests.DurableHandOffWallTimeAtTheWorstShape [SKIP]</Text>
      </RunInfo>
      <RunInfo computerName="runnervmtr4k5" outcome="Warning" timestamp="2026-09-26T01:41:03.7592018+00:00">
        <Text>[xUnit.net 00:00:07.31]     Mavi.IntegrationTests.Qualification.S1FinalizationRecoveryTests.ProcessLossConvergesToExactlyOnePublication [SKIP]</Text>
      </RunInfo>
      <RunInfo computerName="runnervmtr4k5" outcome="Warning" timestamp="2026-09-26T01:41:07.5971869+00:00">
        <Text>[xUnit.net 00:00:11.15]     Mavi.IntegrationTests.Qualification.S1FinalizationEnvelopeTests.AsynchronousFinalizationEnvelopeAtTheWorstShape [SKIP]</Text>
      </RunInfo>
    </RunInfos>
  </ResultSummary>
</TestRun>